Archive member included to satisfy reference by file (symbol)

bin/blib.a(config.o)          (obj_config)
bin/blib.a(config_cmd.o)      bin/blib.a(config.o) (obj_config_cmd)
bin/blib.a(config_pcbios.o)   (obj_config_pcbios)
bin/blib.a(cpuid_cmd.o)       bin/blib.a(config.o) (obj_cpuid_cmd)
bin/blib.a(device.o)          bin/blib.a(config.o) (obj_device)
bin/blib.a(dhcp_cmd.o)        bin/blib.a(config.o) (obj_dhcp_cmd)
bin/blib.a(dhcpmgmt.o)        bin/blib.a(dhcp_cmd.o) (pxebs)
bin/blib.a(dns.o)             bin/blib.a(config.o) (obj_dns)
bin/blib.a(elfboot.o)         bin/blib.a(config.o) (obj_elfboot)
bin/blib.a(embedded.o)        bin/blib.a(config.o) (obj_embedded)
bin/blib.a(getopt.o)          bin/blib.a(config_cmd.o) (optind)
bin/blib.a(http.o)            bin/blib.a(config.o) (obj_http)
bin/blib.a(httpblock.o)       bin/blib.a(config.o) (obj_httpblock)
bin/blib.a(httpcore.o)        bin/blib.a(httpblock.o) (http_open)
bin/blib.a(ifmgmt_cmd.o)      bin/blib.a(dhcp_cmd.o) (ifconf_exec)
bin/blib.a(image_cmd.o)       bin/blib.a(config.o) (obj_image_cmd)
bin/blib.a(imgmgmt.o)         bin/blib.a(image_cmd.o) (imgdownload_string)
bin/blib.a(init.o)            bin/blib.a(elfboot.o) (shutdown)
bin/blib.a(interface.o)       bin/blib.a(device.o) (intf_put)
bin/blib.a(iobuf.o)           bin/blib.a(httpcore.o) (alloc_iob)
bin/blib.a(ipv4.o)            bin/blib.a(config.o) (obj_ipv4)
bin/blib.a(iscsi.o)           bin/blib.a(config.o) (obj_iscsi)
bin/blib.a(job.o)             bin/blib.a(dns.o) (job_progress)
bin/blib.a(keymap_us.o)       bin/blib.a(config.o) (obj_keymap_us)
bin/blib.a(librm.o)           bin/blib.a(elfboot.o) (phys_call)
bin/blib.a(librm_mgmt.o)      bin/blib.a(librm.o) (init_idt)
bin/blib.a(linebuf.o)         bin/blib.a(httpcore.o) (buffered_line)
bin/blib.a(list.o)            bin/blib.a(device.o) (extern_list_add)
bin/blib.a(login_cmd.o)       bin/blib.a(config.o) (obj_login_cmd)
bin/blib.a(login_ui.o)        bin/blib.a(login_cmd.o) (login_ui)
bin/blib.a(malloc.o)          bin/blib.a(iobuf.o) (alloc_memblock)
bin/blib.a(md5.o)             bin/blib.a(iscsi.o) (md5_algorithm)
bin/blib.a(menu_cmd.o)        bin/blib.a(config.o) (obj_menu_cmd)
bin/blib.a(menu_ui.o)         bin/blib.a(menu_cmd.o) (show_menu)
bin/blib.a(monojob.o)         bin/blib.a(dhcpmgmt.o) (monojob_wait)
bin/blib.a(mucurses.o)        bin/blib.a(login_ui.o) (wmove)
bin/blib.a(multiboot.o)       bin/blib.a(config.o) (obj_multiboot)
bin/blib.a(neighbour.o)       bin/blib.a(ipv4.o) (neighbour_tx)
bin/blib.a(netdevice.o)       bin/blib.a(ifmgmt_cmd.o) (net_devices)
bin/blib.a(nvo_cmd.o)         bin/blib.a(config.o) (obj_nvo_cmd)
bin/blib.a(open.o)            bin/blib.a(dns.o) (xfer_open_socket)
bin/blib.a(parseopt.o)        bin/blib.a(image_cmd.o) (parse_string)
bin/blib.a(pci_settings.o)    bin/blib.a(config.o) (obj_pci_settings)
bin/blib.a(pcibios.o)         bin/blib.a(pci_settings.o) (pcibios_read)
bin/blib.a(pciromprefix.o)    (_pcirom_start)
bin/blib.a(pool.o)            bin/blib.a(httpcore.o) (pool_recycle)
bin/blib.a(print.o)           bin/blib.a(menu_ui.o) (waddnstr)
bin/blib.a(process.o)         bin/blib.a(httpcore.o) (process_add)
bin/blib.a(pxe_call.o)        bin/blib.a(config.o) (obj_pxe_call)
bin/blib.a(pxe_entry.o)       bin/blib.a(pxe_call.o) (ppxe)
bin/blib.a(pxe_file.o)        bin/blib.a(pxe_call.o) (obj_pxe_file)
bin/blib.a(pxe_image.o)       bin/blib.a(pxe_file.o) (pxe_cmdline)
bin/blib.a(pxe_loader.o)      bin/blib.a(pxe_call.o) (undi_loader)
bin/blib.a(pxe_preboot.o)     bin/blib.a(pxe_image.o) (pxe_fake_cached_info)
bin/blib.a(pxe_tftp.o)        bin/blib.a(pxe_preboot.o) (pxenv_tftp_read_file)
bin/blib.a(pxe_udp.o)         bin/blib.a(pxe_call.o) (obj_pxe_udp)
bin/blib.a(pxe_undi.o)        bin/blib.a(pxe_call.o) (pxe_netdev)
bin/blib.a(pxemenu.o)         bin/blib.a(config.o) (obj_pxemenu)
bin/blib.a(random.o)          bin/blib.a(netdevice.o) (srandom)
bin/blib.a(rarp.o)            bin/blib.a(pxe_undi.o) (rarp_protocol)
bin/blib.a(readline.o)        bin/blib.a(nvo_cmd.o) (readline_history)
bin/blib.a(realtek.ids.o)     (pci_devlist_10ec8168)
bin/blib.a(realtek.o)         (obj_realtek)
bin/blib.a(reboot_cmd.o)      bin/blib.a(config.o) (obj_reboot_cmd)
bin/blib.a(refcnt.o)          bin/blib.a(httpcore.o) (ref_increment)
bin/blib.a(resolv.o)          bin/blib.a(dns.o) (resolv_done)
bin/blib.a(retry.o)           bin/blib.a(dns.o) (start_timer_fixed)
bin/blib.a(route_cmd.o)       bin/blib.a(config.o) (obj_route_cmd)
bin/blib.a(sanboot_cmd.o)     bin/blib.a(config.o) (obj_sanboot_cmd)
bin/blib.a(script.o)          bin/blib.a(config.o) (obj_script)
bin/blib.a(scsi.o)            bin/blib.a(iscsi.o) (scsi_command)
bin/blib.a(segment.o)         bin/blib.a(multiboot.o) (prep_segment)
bin/blib.a(setjmp.o)          bin/blib.a(pxe_call.o) (setjmp)
bin/blib.a(settings.o)        bin/blib.a(parseopt.o) (find_settings)
bin/blib.a(settings_ui.o)     bin/blib.a(config_cmd.o) (settings_ui)
[...]
Memory Configuration

Name             Origin             Length             Attributes
*default*        0x0000000000000000 0xffffffffffffffff

Linker script and memory map

Address of section .prefix set to 0x0
                0x0000000000000010                PROVIDE (_max_align = 0x10)
                0x0000000000001000                _page_size = 0x1000
                0x0000000000000fff                _page_size_1 = (_page_size - 0x1)
                0x0000000000000008                _pte_size = 0x8
                0x0000000000000200                _pte_count = (_page_size / _pte_size)
                0x00000000000001ff                _pte_count_1 = (_pte_count - 0x1)
                [!provide]                        PROVIDE (_min_decompress_stack = 0x0)

.prefix         0x0000000000000000      0xbf8
                0x0000000000000000                _prefix = .
 *(.prefix)
 .prefix        0x0000000000000000      0x4a4 bin/blib.a(pciromprefix.o)
                0x0000000000000000                _pcirom_start
                0x0000000000000084                undiheader
                0x000000000000037b                image_source
                0x0000000000000381                decompress_to
 .prefix        0x00000000000004a4       0x37 bin/blib.a(undiloader.o)
                0x00000000000004a4                undiloader
                0x00000000000004da                undiloader_source
 *(SORT_BY_NAME(.pci_devlist.*))
 .pci_devlist.00000000
                0x00000000000004db        0x0 bin/blib.a(pciromprefix.o)
 .pci_devlist.10ec8168
                0x00000000000004db        0x2 bin/blib.a(realtek.ids.o)
                0x00000000000004db                pci_devlist_10ec8168
 .pci_devlist.ffffffff
                0x00000000000004dd        0x2 bin/blib.a(pciromprefix.o)
 *(.prefix.*)
 .prefix.print_character
                0x00000000000004df       0x1f bin/blib.a(libprefix.o)
                0x00000000000004df                print_character
 .prefix.print_space
                0x00000000000004fe        0x8 bin/blib.a(libprefix.o)
                0x00000000000004fe                print_space
 .prefix.print_message
                0x0000000000000506        0xd bin/blib.a(libprefix.o)
                0x0000000000000506                print_message
 .prefix.print_hex
                0x0000000000000513       0x28 bin/blib.a(libprefix.o)
                0x0000000000000513                print_hex_dword
                0x000000000000051e                print_hex_word
                0x0000000000000525                print_hex_byte
                0x000000000000052e                print_hex_nibble
 .prefix.print_pci_busdevfn
                0x000000000000053b       0x21 bin/blib.a(libprefix.o)
                0x000000000000053b                print_pci_busdevfn
 .prefix.print_kill_line
                0x000000000000055c       0x15 bin/blib.a(libprefix.o)
                0x000000000000055c                print_kill_line
 .prefix.copy_bytes
                0x0000000000000571        0x8 bin/blib.a(libprefix.o)
 .prefix.zero_bytes
                0x0000000000000579        0xc bin/blib.a(libprefix.o)
 .prefix.process_bytes
                0x0000000000000585       0x95 bin/blib.a(libprefix.o)
 .prefix.install_block
                0x000000000000061a       0x2b bin/blib.a(libprefix.o)
 .prefix.alloc_basemem
                0x0000000000000645       0x21 bin/blib.a(libprefix.o)
                0x0000000000000645                alloc_basemem
 .prefix.install_prealloc
                0x0000000000000666      0x13f bin/blib.a(libprefix.o)
                0x0000000000000666                install_prealloc
 .prefix.install_death
                0x00000000000007a5       0x23 bin/blib.a(libprefix.o)
 .prefix.data.install_death_message
                0x00000000000007c8       0x28 bin/blib.a(libprefix.o)
 .prefix.install_block_death
                0x00000000000007f0        0x9 bin/blib.a(libprefix.o)
 .prefix.access_highmem_death
                0x00000000000007f9        0x9 bin/blib.a(libprefix.o)
 .prefix.open_payload_death
                0x0000000000000802        0x6 bin/blib.a(libprefix.o)
 .prefix.lib    0x0000000000000808      0x3f0 bin/blib.a(unlzma16.o)
                0x0000000000000b66                decompress16
                0x0000000000000bf8                _mprefix = .

.bss.prefix     0x0000000000000bf8        0x0 load address 0x000000000001d9e0
                0x0000000000000bf8                _eprefix = .
                0x0000000000000bf8                _prefix_filesz = (ABSOLUTE (_mprefix) - ABSOLUTE (_prefix))
                0x0000000000000bf8                _prefix_memsz = (ABSOLUTE (_eprefix) - ABSOLUTE (_prefix))

.text16.early   0x0000000000000000       0xee load address 0x0000000000000c00
                0x0000000000000000                _text16 = .
 *(.text16.null)
 .text16.null   0x0000000000000000        0x3 bin/blib.a(pxe_entry.o)
 *(.text16.null.*)
                0x0000000000000004                . = (. + 0x1)
 *fill*         0x0000000000000003        0x1 
 *(.text16.early)
 .text16.early  0x0000000000000004       0xe5 bin/blib.a(liba20.o)
                0x000000000000009b                enable_a20
                0x00000000000000e5                access_highmem
 *(.text16.early.*)
 *fill*         0x00000000000000e9        0x1 
 .text16.early.data
                0x00000000000000ea        0x2 bin/blib.a(liba20.o)
 .text16.early.data.open_payload
                0x00000000000000ec        0x2 bin/blib.a(libprefix.o)
                0x00000000000000ec                close_payload
                0x00000000000000ec                open_payload
                0x00000000000000ee                _etext16_early = .

.text16.late    0x00000000000000f0      0x722 load address 0x0000000000000cf0
                0x00000000000000f0                _text16_late = .
 *(.text16)
 .text16        0x00000000000000f0        0x7 bin/blib.a(librm_mgmt.o)
 .text16        0x00000000000000f7       0x21 bin/blib.a(pcibios.o)
 .text16        0x0000000000000118       0x28 bin/blib.a(pciromprefix.o)
 .text16        0x0000000000000140       0x16 bin/blib.a(pxe_call.o)
 .text16        0x0000000000000156       0x60 bin/blib.a(pxe_entry.o)
                0x0000000000000188                pxe_int_1a
 .text16        0x00000000000001b6       0x60 bin/blib.a(bios_console.o)
 .text16        0x0000000000000216        0x6 bin/blib.a(bios_reboot.o)
 .text16        0x000000000000021c       0x11 bin/blib.a(bzimage.o)
 .text16        0x000000000000022d       0x69 bin/blib.a(int13.o)
 .text16        0x0000000000000296       0x13 bin/blib.a(memmap.o)
 .text16        0x00000000000002a9       0x13 bin/blib.a(undiloader.o)
 .text16        0x00000000000002bc       0x55 bin/blib.a(bootsector.o)
 .text16        0x0000000000000311      0x25d bin/blib.a(e820mangler.o)
                0x0000000000000546                int15
 .text16        0x000000000000056e        0x9 bin/blib.a(patch_cf.o)
                0x000000000000056e                patch_cf
 *(.text16.*)
 .text16.init_librm
                0x0000000000000577       0x7b bin/blib.a(librm.o)
                0x0000000000000577                init_librm
 .text16.set_seg_base
                0x00000000000005f2       0x12 bin/blib.a(librm.o)
 .text16.real_to_prot
                0x0000000000000604       0x53 bin/blib.a(librm.o)
 .text16.prot_to_real
                0x0000000000000657       0x2f bin/blib.a(librm.o)
                0x0000000000000669                rm_cs
 .text16.data.rm_ds
                0x0000000000000686        0x2 bin/blib.a(librm.o)
                0x0000000000000686                rm_ds
 .text16.data.rm_gdtr
                0x0000000000000688        0x6 bin/blib.a(librm.o)
 .text16.virt_call
                0x000000000000068e       0x53 bin/blib.a(librm.o)
                0x000000000000068e                virt_call
 .text16.real_call
                0x00000000000006e1       0x1b bin/blib.a(librm.o)
 .text16.flatten_real_mode
                0x00000000000006fc       0x1e bin/blib.a(librm.o)
                0x00000000000006fc                flatten_real_mode
 *fill*         0x000000000000071a        0x6 
 .text16.data   0x0000000000000720       0x90 bin/blib.a(pxe_entry.o)
                0x0000000000000720                ppxe
                0x0000000000000780                pxenv
                0x00000000000007ac                pxe_int_1a_vector
 .text16.data   0x00000000000007b0        0x5 bin/blib.a(bios_console.o)
 *fill*         0x00000000000007b5        0x3 
 .text16.data   0x00000000000007b8        0x8 bin/blib.a(int13.o)
 .text16.free_basemem
                0x00000000000007c0       0x30 bin/blib.a(libprefix.o)
                0x00000000000007c0                free_basemem
 .text16.data.hooked_bios_interrupts
                0x00000000000007f0        0x2 bin/blib.a(libprefix.o)
                0x00000000000007f0                hooked_bios_interrupts
 .text16.install_prealloc
                0x00000000000007f2       0x18 bin/blib.a(libprefix.o)
 .text16.uninstall
                0x000000000000080a        0x4 bin/blib.a(libprefix.o)
                0x000000000000080a                uninstall
 .text16.data   0x000000000000080e        0x4 bin/blib.a(e820mangler.o)
                0x000000000000080e                int15_vector
                0x0000000000000812                _mtext16 = .

.bss.text16     0x0000000000000812        0x0 load address 0x000000000001d9e0
                0x0000000000000812                _etext16 = .
                0x00000000000000ee                _text16_early_filesz = (ABSOLUTE (_etext16_early) - ABSOLUTE (_text16))
                0x00000000000000ee                _text16_early_memsz = (ABSOLUTE (_etext16_early) - ABSOLUTE (_text16))
                0x0000000000000722                _text16_late_filesz = (ABSOLUTE (_mtext16) - ABSOLUTE (_text16_late))
                0x0000000000000722                _text16_late_memsz = (ABSOLUTE (_etext16) - ABSOLUTE (_text16_late))
                0x0000000000000812                _text16_memsz = (ABSOLUTE (_etext16) - ABSOLUTE (_text16))

.data16         0x0000000000000000       0xc0 load address 0x0000000000001420
                0x0000000000000000                _data16 = .
                0x0000000000000001                . = (. + 0x1)
 *fill*         0x0000000000000000        0x1 
 *(.rodata16)
 *(.rodata16.*)
 *(.data16)
 *fill*         0x0000000000000001        0x3 
 .data16        0x0000000000000004       0x13 bin/blib.a(int13.o)
 *fill*         0x0000000000000017        0x9 
 .data16        0x0000000000000020       0x42 bin/blib.a(e820mangler.o)
                0x0000000000000028                hidemem_base
                0x0000000000000038                hidemem_umalloc
                0x0000000000000048                hidemem_textdata
 *(.data16.*)
 *fill*         0x0000000000000062        0xe 
 .data16.gdt    0x0000000000000070       0x48 bin/blib.a(librm.o)
 .data16.install_prealloc
                0x00000000000000b8        0x8 bin/blib.a(libprefix.o)
                0x00000000000000c0                _mdata16 = .

.got            0x00000000000000c0        0x0 load address 0x00000000000014e0
 .got           0x00000000000000c0        0x0 bin/version.10ec8168.rom.o

.got.plt        0x00000000000000c0        0x0 load address 0x00000000000014e0
 .got.plt       0x00000000000000c0        0x0 bin/version.10ec8168.rom.o

.igot.plt       0x00000000000000c0        0x0 load address 0x00000000000014e0
 .igot.plt      0x00000000000000c0        0x0 bin/version.10ec8168.rom.o

.bss.data16     0x00000000000000c0     0x2e50 load address 0x000000000001d9e0
 *(.bss16)
 .bss16         0x00000000000000c0      0x3c0 bin/blib.a(multiboot.o)
 .bss16         0x0000000000000480      0xec4 bin/blib.a(pxe_preboot.o)
 *fill*         0x0000000000001344       0x1c 
 .bss16         0x0000000000001360      0x5ea bin/blib.a(basemem_packet.o)
                0x0000000000001360                basemem_packet
 *fill*         0x000000000000194a       0x16 
 .bss16         0x0000000000001960      0x320 bin/blib.a(int13.o)
 .bss16         0x0000000000001c80       0x1c bin/blib.a(memmap.o)
                0x0000000000001c80                memmap_post
 .bss16         0x0000000000001c9c        0x2 bin/blib.a(pci_autoboot.o)
                0x0000000000001c9c                autoboot_busdevfn
 .bss16         0x0000000000001c9e       0x48 bin/blib.a(e820mangler.o)
 *(.bss16.*)
 *fill*         0x0000000000001ce6        0xa 
 .bss16.rm_tmpbuf
                0x0000000000001cf0      0x210 bin/blib.a(librm.o)
 .bss16.rm_virt_addrs
                0x0000000000001f00        0xc bin/blib.a(librm.o)
 *(.stack16)
 *fill*         0x0000000000001f0c        0x4 
 .stack16       0x0000000000001f10     0x1000 bin/blib.a(stack16.o)
                0x0000000000001f10                _stack16
                0x0000000000002f10                _estack16
 *(.stack16.*)
                0x0000000000002f10                . = MAX (., (_mdata16 + _min_decompress_stack))
                0x0000000000002f10                _edata16 = .
                0x00000000000000c0                _data16_filesz = (ABSOLUTE (_mdata16) - ABSOLUTE (_data16))
                0x0000000000002f10                _data16_memsz = (ABSOLUTE (_edata16) - ABSOLUTE (_data16))

.textdata       0x0000000000000000    0x1c450 load address 0x00000000000014e0
                0x0000000000000000                _textdata = .
 *(.text.null_trap)
 *(.text.null_trap.*)
                0x0000000000000001                . = (. + 0x1)
 *fill*         0x0000000000000000        0x1 
 *(.text)
 .text          0x0000000000000001       0x3b bin/blib.a(setjmp.o)
                0x0000000000000001                setjmp
                0x000000000000001c                longjmp
 *(.text.*)
 .text.config_exec
                0x000000000000003c       0x6c bin/blib.a(config_cmd.o)
 .text.cpuid_exec
                0x00000000000000a8       0x6e bin/blib.a(cpuid_cmd.o)
 .text.probe_devices
                0x0000000000000116       0x41 bin/blib.a(device.o)
 .text.identify_device
                0x0000000000000157       0x31 bin/blib.a(device.o)
                0x0000000000000157                identify_device
 .text.remove_devices
                0x0000000000000188       0x41 bin/blib.a(device.o)
 .text.pxebs_exec
                0x00000000000001c9       0x83 bin/blib.a(dhcp_cmd.o)
 .text.pxebs    0x000000000000024c       0x3b bin/blib.a(dhcpmgmt.o)
                0x000000000000024c                pxebs
 .text.dns_label
                0x0000000000000287       0x4a bin/blib.a(dns.o)
 .text.dns_done
                0x00000000000002d1       0x24 bin/blib.a(dns.o)
 .text.dns_xfer_close
                0x00000000000002f5        0xe bin/blib.a(dns.o)
 .text.dns_send_packet
                0x0000000000000303       0x26 bin/blib.a(dns.o)
 .text.dns_timer_expired
                0x0000000000000329       0x16 bin/blib.a(dns.o)
 .text.dns_encode
                0x000000000000033f       0x67 bin/blib.a(dns.o)
                0x000000000000033f                dns_encode
 .text.apply_dns_settings
                0x00000000000003a6       0xd0 bin/blib.a(dns.o)
 .text.dns_decode
                0x0000000000000476       0xb0 bin/blib.a(dns.o)
                0x0000000000000476                dns_decode
 .text.dns_progress
                0x0000000000000526       0x21 bin/blib.a(dns.o)
 .text.dns_compare
                0x0000000000000547       0xdd bin/blib.a(dns.o)
                0x0000000000000547                dns_compare
 .text.dns_copy
                0x0000000000000624       0x83 bin/blib.a(dns.o)
                0x0000000000000624                dns_copy
 .text.dns_question
                0x00000000000006a7       0x79 bin/blib.a(dns.o)
 .text.dns_resolv
                0x0000000000000720      0x16f bin/blib.a(dns.o)
 .text.dns_skip
                0x000000000000088f       0x45 bin/blib.a(dns.o)
                0x000000000000088f                dns_skip
 .text.dns_skip_search
                0x00000000000008d4       0x20 bin/blib.a(dns.o)
 .text.format_dnssl_setting
                0x00000000000008f4       0x6a bin/blib.a(dns.o)
 .text.dns_xfer_deliver
                0x000000000000095e      0x284 bin/blib.a(dns.o)
 .text.elfboot_exec
                0x0000000000000be2       0x35 bin/blib.a(elfboot.o)
 .text.phys     0x0000000000000c17        0x5 bin/blib.a(elfboot.o)
 .text.elfboot_check_segment
                0x0000000000000c1c        0xd bin/blib.a(elfboot.o)
 .text.elfboot_probe
                0x0000000000000c29       0x54 bin/blib.a(elfboot.o)
 .text.embedded_init
                0x0000000000000c7d        0x1 bin/blib.a(embedded.o)
 .text.getopt_long
                0x0000000000000c7e      0x245 bin/blib.a(getopt.o)
                0x0000000000000c7e                getopt_long
 .text.http_block_read
                0x0000000000000ec3       0x60 bin/blib.a(httpblock.o)
                0x0000000000000ec3                http_block_read
 .text.http_block_read_capacity
                0x0000000000000f23       0x42 bin/blib.a(httpblock.o)
                0x0000000000000f23                http_block_read_capacity
 .text.http_parse_location
                0x0000000000000f65        0x9 bin/blib.a(httpcore.o)
 .text.http_init_transfer_chunked
                0x0000000000000f6e        0x3 bin/blib.a(httpcore.o)
 .text.http_parse_retry_after
                0x0000000000000f71       0x36 bin/blib.a(httpcore.o)
 .text.http_parse_content_encoding
                0x0000000000000fa7       0x43 bin/blib.a(httpcore.o)
 .text.http_conn_close
                0x0000000000000fea       0x1f bin/blib.a(httpcore.o)
 .text.http_format_headers
                0x0000000000001009       0xd1 bin/blib.a(httpcore.o)
 .text.http_format_accept_encoding
                0x00000000000010da       0x67 bin/blib.a(httpcore.o)
 .text.http_content_buffer
                0x0000000000001141       0x14 bin/blib.a(httpcore.o)
 .text.http_free
                0x0000000000001155       0x2c bin/blib.a(httpcore.o)
 .text.http_tx_request
                0x0000000000001181       0xa0 bin/blib.a(httpcore.o)
 .text.http_close
                0x0000000000001221       0x34 bin/blib.a(httpcore.o)
 .text.http_close_error
                0x0000000000001255        0xe bin/blib.a(httpcore.o)
 .text.http_reopen
                0x0000000000001263       0x43 bin/blib.a(httpcore.o)
 .text.http_expired
                0x00000000000012a6        0x8 bin/blib.a(httpcore.o)
 .text.http_conn_deliver
                0x00000000000012ae       0x5d bin/blib.a(httpcore.o)
 .text.http_format_host
                0x000000000000130b       0x16 bin/blib.a(httpcore.o)
 .text.http_format_user_agent
                0x0000000000001321       0x15 bin/blib.a(httpcore.o)
 .text.http_format_connection
                0x0000000000001336       0x10 bin/blib.a(httpcore.o)
 .text.http_format_range
                0x0000000000001346       0x2c bin/blib.a(httpcore.o)
 .text.http_format_content_type
                0x0000000000001372       0x1e bin/blib.a(httpcore.o)
 .text.http_format_content_length
                0x0000000000001390       0x1e bin/blib.a(httpcore.o)
 .text.http_params
                0x00000000000013ae       0x6d bin/blib.a(httpcore.o)
 .text.http_rx_linebuf.isra.3
                0x000000000000141b       0x1d bin/blib.a(httpcore.o)
 .text.http_parse_content_length
                0x0000000000001438       0x33 bin/blib.a(httpcore.o)
 .text.http_rx_transfer_chunked
                0x000000000000146b      0x14f bin/blib.a(httpcore.o)
 .text.http_parse_transfer_encoding
                0x00000000000015ba       0x37 bin/blib.a(httpcore.o)
 .text.http_content_deliver
                0x00000000000015f1       0x1b bin/blib.a(httpcore.o)
 .text.http_transfer_complete
                0x000000000000160c      0x124 bin/blib.a(httpcore.o)
 .text.http_rx_trailers
                0x0000000000001730       0x43 bin/blib.a(httpcore.o)
 .text.http_close_transfer_identity
                0x0000000000001773       0x2c bin/blib.a(httpcore.o)
 .text.http_rx_transfer_identity
                0x000000000000179f       0x66 bin/blib.a(httpcore.o)
 .text.http_init_transfer_identity
                0x0000000000001805       0x1a bin/blib.a(httpcore.o)
 .text.http_step
                0x000000000000181f       0x4d bin/blib.a(httpcore.o)
 .text.http_token
                0x000000000000186c       0xad bin/blib.a(httpcore.o)
                0x000000000000186c                http_token
 .text.http_rx_headers
                0x0000000000001919      0x21a bin/blib.a(httpcore.o)
 .text.http_parse_connection
                0x0000000000001b33       0x4d bin/blib.a(httpcore.o)
 .text.http_open
                0x0000000000001b80      0x237 bin/blib.a(httpcore.o)
                0x0000000000001b80                http_open
 .text.http_open_uri
                0x0000000000001db7       0x9a bin/blib.a(httpcore.o)
                0x0000000000001db7                http_open_uri
 .text.ifconf_payload
                0x0000000000001e51       0x1d bin/blib.a(ifmgmt_cmd.o)
 .text.ifstat_payload
                0x0000000000001e6e        0x8 bin/blib.a(ifmgmt_cmd.o)
 .text.ifclose_payload
                0x0000000000001e76        0x8 bin/blib.a(ifmgmt_cmd.o)
 .text.ifopen_payload
                0x0000000000001e7e        0x5 bin/blib.a(ifmgmt_cmd.o)
 .text.ifcommon_exec
                0x0000000000001e83       0xb6 bin/blib.a(ifmgmt_cmd.o)
                0x0000000000001e83                ifcommon_exec
 .text.ifconf_exec
                0x0000000000001f39        0xa bin/blib.a(ifmgmt_cmd.o)
                0x0000000000001f39                ifconf_exec
 .text.ifstat_exec
                0x0000000000001f43        0xa bin/blib.a(ifmgmt_cmd.o)
 .text.ifclose_exec
                0x0000000000001f4d        0xa bin/blib.a(ifmgmt_cmd.o)
 .text.ifopen_exec
                0x0000000000001f57        0xa bin/blib.a(ifmgmt_cmd.o)
 .text.imgselect
                0x0000000000001f61        0x5 bin/blib.a(image_cmd.o)
 .text.image_clear_cmdline
                0x0000000000001f66        0x7 bin/blib.a(image_cmd.o)
 .text.imgsingle_exec
                0x0000000000001f6d      0x12f bin/blib.a(image_cmd.o)
 .text.imgargs_exec
                0x000000000000209c        0xa bin/blib.a(image_cmd.o)
 .text.imgexec_exec
                0x00000000000020a6        0xa bin/blib.a(image_cmd.o)
 .text.imgselect_exec
                0x00000000000020b0        0xa bin/blib.a(image_cmd.o)
 .text.imgfetch_exec
                0x00000000000020ba        0xa bin/blib.a(image_cmd.o)
 .text.imgexec  0x00000000000020c4       0x27 bin/blib.a(image_cmd.o)
 .text.imgmulti_exec.part.1
                0x00000000000020eb       0x71 bin/blib.a(image_cmd.o)
 .text.imgstat_exec
                0x000000000000215c       0x2e bin/blib.a(image_cmd.o)
 .text.imgfree_exec
                0x000000000000218a       0x2e bin/blib.a(image_cmd.o)
 .text.imgdownload
                0x00000000000021b8       0xef bin/blib.a(imgmgmt.o)
                0x00000000000021b8                imgdownload
 .text.imgdownload_string
                0x00000000000022a7       0x3b bin/blib.a(imgmgmt.o)
                0x00000000000022a7                imgdownload_string
 .text.imgacquire
                0x00000000000022e2       0x31 bin/blib.a(imgmgmt.o)
                0x00000000000022e2                imgacquire
 .text.imgstat  0x0000000000002313       0x7f bin/blib.a(imgmgmt.o)
                0x0000000000002313                imgstat
 .text.initialise
                0x0000000000002392       0x17 bin/blib.a(init.o)
                0x0000000000002392                initialise
 .text.startup  0x00000000000023a9       0x31 bin/blib.a(init.o)
                0x00000000000023a9                startup
 .text.shutdown
                0x00000000000023da       0x3f bin/blib.a(init.o)
                0x00000000000023da                shutdown
 .text.null_intf_close
                0x0000000000002419        0x1 bin/blib.a(interface.o)
 .text.intf_nullify
                0x000000000000241a        0x8 bin/blib.a(interface.o)
                0x000000000000241a                intf_nullify
 .text.intf_get
                0x0000000000002422        0xf bin/blib.a(interface.o)
                0x0000000000002422                intf_get
 .text.intf_put
                0x0000000000002431        0x8 bin/blib.a(interface.o)
                0x0000000000002431                intf_put
 .text.intf_plug
                0x0000000000002439       0x19 bin/blib.a(interface.o)
                0x0000000000002439                intf_plug
 .text.intf_plug_plug
                0x0000000000002452       0x16 bin/blib.a(interface.o)
                0x0000000000002452                intf_plug_plug
 .text.intf_unplug
                0x0000000000002468       0x12 bin/blib.a(interface.o)
                0x0000000000002468                intf_unplug
 .text.intf_object
                0x000000000000247a        0x6 bin/blib.a(interface.o)
                0x000000000000247a                intf_object
 .text.intf_get_dest_op_no_passthru_untyped
                0x0000000000002480       0x35 bin/blib.a(interface.o)
                0x0000000000002480                intf_get_dest_op_no_passthru_untyped
 .text.intf_get_dest_op_untyped
                0x00000000000024b5       0x37 bin/blib.a(interface.o)
                0x00000000000024b5                intf_get_dest_op_untyped
 .text.intf_restart
                0x00000000000024ec       0x10 bin/blib.a(interface.o)
                0x00000000000024ec                intf_restart
 .text.intf_close
                0x00000000000024fc       0x3a bin/blib.a(interface.o)
                0x00000000000024fc                intf_close
 .text.intf_shutdown
                0x0000000000002536       0x27 bin/blib.a(interface.o)
                0x0000000000002536                intf_shutdown
 .text.intfs_vshutdown
                0x000000000000255d       0x32 bin/blib.a(interface.o)
                0x000000000000255d                intfs_vshutdown
 .text.intfs_shutdown
                0x000000000000258f        0xe bin/blib.a(interface.o)
                0x000000000000258f                intfs_shutdown
 .text.intfs_vrestart
                0x000000000000259d       0x1c bin/blib.a(interface.o)
                0x000000000000259d                intfs_vrestart
 .text.intfs_restart
                0x00000000000025b9        0xe bin/blib.a(interface.o)
                0x00000000000025b9                intfs_restart
 .text.intf_poke
                0x00000000000025c7       0x22 bin/blib.a(interface.o)
                0x00000000000025c7                intf_poke
 .text.alloc_iob_raw
                0x00000000000025e9       0x90 bin/blib.a(iobuf.o)
                0x00000000000025e9                alloc_iob_raw
 .text.alloc_iob
                0x0000000000002679       0x15 bin/blib.a(iobuf.o)
                0x0000000000002679                alloc_iob
 .text.free_iob
                0x000000000000268e       0x2c bin/blib.a(iobuf.o)
                0x000000000000268e                free_iob
 .text.iob_ensure_headroom
                0x00000000000026ba       0x13 bin/blib.a(iobuf.o)
                0x00000000000026ba                iob_ensure_headroom
 .text.ipv4_route
                0x00000000000026cd       0x5f bin/blib.a(ipv4.o)
 .text.ipv4_netdev
                0x000000000000272c       0x1f bin/blib.a(ipv4.o)
 .text.ipv4_is_fragment
                0x000000000000274b       0x23 bin/blib.a(ipv4.o)
 .text.ipv4_more_fragments
                0x000000000000276e        0xe bin/blib.a(ipv4.o)
 .text.ipv4_has_addr
                0x000000000000277c       0x25 bin/blib.a(ipv4.o)
 .text.ipv4_fragment_offset
                0x00000000000027a1       0x12 bin/blib.a(ipv4.o)
 .text.ipv4_pshdr_chksum
                0x00000000000027b3       0x4c bin/blib.a(ipv4.o)
 .text.ipv4_gratuitous_arp
                0x00000000000027ff       0x28 bin/blib.a(ipv4.o)
 .text.ipv4_settings
                0x0000000000002827       0xd7 bin/blib.a(ipv4.o)
 .text.ipv4_create_routes
                0x00000000000028fe       0x47 bin/blib.a(ipv4.o)
 .text.ipv4_arp_check
                0x0000000000002945       0x14 bin/blib.a(ipv4.o)
 .text.add_ipv4_miniroute
                0x0000000000002959       0x58 bin/blib.a(ipv4.o)
 .text.ipv4_tx  0x00000000000029b1      0x1b2 bin/blib.a(ipv4.o)
 .text.ipv4_has_any_addr
                0x0000000000002b63       0x20 bin/blib.a(ipv4.o)
                0x0000000000002b63                ipv4_has_any_addr
 .text.ipv4_rx  0x0000000000002b83      0x18c bin/blib.a(ipv4.o)
 .text.inet_aton
                0x0000000000002d0f       0x48 bin/blib.a(ipv4.o)
                0x0000000000002d0f                inet_aton
 .text.ipv4_sock_aton
                0x0000000000002d57       0x21 bin/blib.a(ipv4.o)
 .text.inet_ntoa
                0x0000000000002d78       0x31 bin/blib.a(ipv4.o)
                0x0000000000002d78                inet_ntoa
 .text.ipv4_ntoa
                0x0000000000002da9        0x7 bin/blib.a(ipv4.o)
 .text.ipv4_sock_ntoa
                0x0000000000002db0        0x8 bin/blib.a(ipv4.o)
 .text.parse_ipv4_setting
                0x0000000000002db8       0x39 bin/blib.a(ipv4.o)
                0x0000000000002db8                parse_ipv4_setting
 .text.format_ipv4_setting
                0x0000000000002df1       0x2c bin/blib.a(ipv4.o)
                0x0000000000002df1                format_ipv4_setting
 .text.iscsi_tx_nothing
                0x0000000000002e1d        0x3 bin/blib.a(iscsi.o)
 .text.iscsi_rx_discard
                0x0000000000002e20        0x5 bin/blib.a(iscsi.o)
 .text.iscsi_scsi_window
                0x0000000000002e25       0x1c bin/blib.a(iscsi.o)
 .text.iscsi_describe
                0x0000000000002e41        0x6 bin/blib.a(iscsi.o)
 .text.iscsi_rx_bhs
                0x0000000000002e47       0x19 bin/blib.a(iscsi.o)
 .text.iscsi_build_login_request_strings
                0x0000000000002e60      0x152 bin/blib.a(iscsi.o)
 .text.iscsi_tx_data
                0x0000000000002fb2       0xfd bin/blib.a(iscsi.o)
 .text.iscsi_tx_bhs
                0x00000000000030af       0x13 bin/blib.a(iscsi.o)
 .text.iscsi_tx_resume
                0x00000000000030c2        0xa bin/blib.a(iscsi.o)
 .text.iscsi_start_data_out
                0x00000000000030cc       0xd5 bin/blib.a(iscsi.o)
 .text.iscsi_rx_buffered_data
                0x00000000000031a1       0x51 bin/blib.a(iscsi.o)
 .text.iscsi_handle_authmethod_value
                0x00000000000031f2       0x1e bin/blib.a(iscsi.o)
 .text.iscsi_close
                0x0000000000003210       0x34 bin/blib.a(iscsi.o)
 .text.iscsi_tx_step
                0x0000000000003244       0xde bin/blib.a(iscsi.o)
 .text.iscsi_vredirect
                0x0000000000003322       0x42 bin/blib.a(iscsi.o)
 .text.iscsi_socket_deliver
                0x0000000000003364      0x10e bin/blib.a(iscsi.o)
 .text.iscsi_command_close
                0x0000000000003472       0x2e bin/blib.a(iscsi.o)
 .text.iscsi_handle_chap_n_value
                0x00000000000034a0       0x19 bin/blib.a(iscsi.o)
 .text.iscsi_handle_chap_a_value
                0x00000000000034b9       0x16 bin/blib.a(iscsi.o)
 .text.iscsi_large_binary_decode
                0x00000000000034cf       0x44 bin/blib.a(iscsi.o)
 .text.iscsi_handle_chap_r_value
                0x0000000000003513       0xcc bin/blib.a(iscsi.o)
 .text.iscsi_handle_chap_c_value
                0x00000000000035df       0x71 bin/blib.a(iscsi.o)
 .text.iscsi_handle_targetaddress_value
                0x0000000000003650       0x4f bin/blib.a(iscsi.o)
 .text.iscsi_handle_chap_i_value
                0x000000000000369f       0x7d bin/blib.a(iscsi.o)
 .text.iscsi_free
                0x000000000000371c       0x6b bin/blib.a(iscsi.o)
 .text.iscsi_start_login
                0x0000000000003787       0x98 bin/blib.a(iscsi.o)
 .text.iscsi_open_connection
                0x000000000000381f       0x83 bin/blib.a(iscsi.o)
 .text.iscsi_open
                0x00000000000038a2      0x2f6 bin/blib.a(iscsi.o)
 .text.iscsi_scsi_command
                0x0000000000003b98      0x11b bin/blib.a(iscsi.o)
 .text.iscsi_rx_data
                0x0000000000003cb3      0x3f9 bin/blib.a(iscsi.o)
 .text.job_progress
                0x00000000000040ac       0x4a bin/blib.a(job.o)
                0x00000000000040ac                job_progress
 .text.init_librm
                0x00000000000040f6       0x1c bin/blib.a(librm.o)
 .text.real_to_prot
                0x0000000000004112       0x36 bin/blib.a(librm.o)
 .text.prot_to_real
                0x0000000000004148       0x61 bin/blib.a(librm.o)
 .text.phys_to_prot
                0x00000000000041a9       0x27 bin/blib.a(librm.o)
                0x00000000000041a9                _phys_to_virt
                0x00000000000041a9                phys_to_prot
 .text.prot_to_phys
                0x00000000000041d0       0x2a bin/blib.a(librm.o)
                0x00000000000041d0                _virt_to_phys
 .text.intr_to_prot
                0x00000000000041fa       0x20 bin/blib.a(librm.o)
                0x00000000000041fa                intr_to_prot
                0x00000000000041fa                _intr_to_virt
 .text.virt_call
                0x000000000000421a       0x1d bin/blib.a(librm.o)
 .text.real_call
                0x0000000000004237       0x22 bin/blib.a(librm.o)
                0x0000000000004237                real_call
 .text.phys_call
                0x0000000000004259       0x1e bin/blib.a(librm.o)
                0x0000000000004259                phys_call
 .text.flatten_dummy
                0x0000000000004277        0x1 bin/blib.a(librm.o)
 .text.interrupt_wrapper
                0x0000000000004278       0x32 bin/blib.a(librm.o)
                0x0000000000004278                interrupt_wrapper
 .text.set_interrupt_vector
                0x00000000000042aa       0x2f bin/blib.a(librm_mgmt.o)
                0x00000000000042aa                set_interrupt_vector
 .text.init_idt
                0x00000000000042d9       0x57 bin/blib.a(librm_mgmt.o)
                0x00000000000042d9                init_idt
 .text.interrupt
                0x0000000000004330        0xb bin/blib.a(librm_mgmt.o)
                0x0000000000004330                interrupt
 .text.buffered_line
                0x000000000000433b       0x34 bin/blib.a(linebuf.o)
                0x000000000000433b                buffered_line
 .text.empty_line_buffer
                0x000000000000436f       0x20 bin/blib.a(linebuf.o)
                0x000000000000436f                empty_line_buffer
 .text.line_buffer
                0x000000000000438f       0xa5 bin/blib.a(linebuf.o)
                0x000000000000438f                line_buffer
 .text.extern_list_add
                0x0000000000004434        0xd bin/blib.a(list.o)
                0x0000000000004434                extern_list_add
 .text.extern_list_add_tail
                0x0000000000004441        0xe bin/blib.a(list.o)
                0x0000000000004441                extern_list_add_tail
 .text.login_exec
                0x000000000000444f       0x39 bin/blib.a(login_cmd.o)
 .text.login_ui
                0x0000000000004488      0x22d bin/blib.a(login_ui.o)
                0x0000000000004488                login_ui
 .text.discard_cache
                0x00000000000046b5       0x1d bin/blib.a(malloc.o)
 .text.shutdown_cache
                0x00000000000046d2        0xa bin/blib.a(malloc.o)
 .text.alloc_memblock
                0x00000000000046dc       0xb7 bin/blib.a(malloc.o)
                0x00000000000046dc                alloc_memblock
 .text.free_memblock
                0x0000000000004793       0x98 bin/blib.a(malloc.o)
                0x0000000000004793                free_memblock
 .text.realloc  0x000000000000482b       0x61 bin/blib.a(malloc.o)
                0x000000000000482b                realloc
 .text.malloc   0x000000000000488c        0x9 bin/blib.a(malloc.o)
                0x000000000000488c                malloc
 .text.free     0x0000000000004895        0x7 bin/blib.a(malloc.o)
                0x0000000000004895                free
 .text.zalloc   0x000000000000489c       0x1c bin/blib.a(malloc.o)
                0x000000000000489c                zalloc
 .text.mpopulate
                0x00000000000048b8       0x15 bin/blib.a(malloc.o)
                0x00000000000048b8                mpopulate
 .text.init_heap
                0x00000000000048cd        0xf bin/blib.a(malloc.o)
 .text.md5_f_0_15
                0x00000000000048dc       0x10 bin/blib.a(md5.o)
 .text.md5_f_16_31
                0x00000000000048ec       0x10 bin/blib.a(md5.o)
 .text.md5_f_32_47
                0x00000000000048fc        0xc bin/blib.a(md5.o)
 .text.md5_f_48_63
                0x0000000000004908        0xe bin/blib.a(md5.o)
 .text.md5_init
                0x0000000000004916       0x23 bin/blib.a(md5.o)
 .text.md5_update
                0x0000000000004939       0xd3 bin/blib.a(md5.o)
 .text.md5_final
                0x0000000000004a0c       0x63 bin/blib.a(md5.o)
 .text.choose_exec
                0x0000000000004a6f       0xbd bin/blib.a(menu_cmd.o)
 .text.item_exec
                0x0000000000004b2c       0xa7 bin/blib.a(menu_cmd.o)
 .text.menu_exec
                0x0000000000004bd3       0x63 bin/blib.a(menu_cmd.o)
 .text.mvaddstr.constprop.1
                0x0000000000004c36       0x2d bin/blib.a(menu_ui.o)
 .text.colour_set.constprop.3
                0x0000000000004c63        0xf bin/blib.a(menu_ui.o)
 .text.draw_menu_item
                0x0000000000004c72      0x168 bin/blib.a(menu_ui.o)
 .text.draw_menu_items
                0x0000000000004dda       0x74 bin/blib.a(menu_ui.o)
 .text.show_menu
                0x0000000000004e4e      0x2d3 bin/blib.a(menu_ui.o)
                0x0000000000004e4e                show_menu
 .text.monojob_close
                0x0000000000005121        0xb bin/blib.a(monojob.o)
 .text.monojob_clear
                0x000000000000512c       0x40 bin/blib.a(monojob.o)
 .text.monojob_wait
                0x000000000000516c      0x18a bin/blib.a(monojob.o)
                0x000000000000516c                monojob_wait
 .text._wupdcurs
                0x00000000000052f6       0x16 bin/blib.a(mucurses.o)
 .text._wputch  0x000000000000530c       0x50 bin/blib.a(mucurses.o)
                0x000000000000530c                _wputch
 .text._wputc   0x000000000000535c        0xb bin/blib.a(mucurses.o)
                0x000000000000535c                _wputc
 .text._wputstr
                0x0000000000005367       0x2e bin/blib.a(mucurses.o)
                0x0000000000005367                _wputstr
 .text.wmove    0x0000000000005395       0x27 bin/blib.a(mucurses.o)
                0x0000000000005395                wmove
 .text.curs_set
                0x00000000000053bc       0x10 bin/blib.a(mucurses.o)
                0x00000000000053bc                curs_set
 .text.multiboot_add_cmdline
                0x00000000000053cc       0x87 bin/blib.a(multiboot.o)
 .text.multiboot_find_header
                0x0000000000005453       0x78 bin/blib.a(multiboot.o)
 .text.multiboot_probe
                0x00000000000054cb        0xe bin/blib.a(multiboot.o)
 .text.multiboot_exec
                0x00000000000054d9      0x2e1 bin/blib.a(multiboot.o)
 .text.phys     0x00000000000057ba        0x5 bin/blib.a(multiboot.o)
 .text.neighbour_find
                0x00000000000057bf       0x67 bin/blib.a(neighbour.o)
 .text.neighbour_free
                0x0000000000005826       0x13 bin/blib.a(neighbour.o)
 .text.neighbour_create
                0x0000000000005839       0x71 bin/blib.a(neighbour.o)
 .text.neighbour_discovered
                0x00000000000058aa       0x5f bin/blib.a(neighbour.o)
 .text.neighbour_destroy
                0x0000000000005909       0x46 bin/blib.a(neighbour.o)
 .text.neighbour_expired
                0x000000000000594f       0x38 bin/blib.a(neighbour.o)
 .text.neighbour_flush
                0x0000000000005987       0x33 bin/blib.a(neighbour.o)
 .text.neighbour_discard
                0x00000000000059ba       0x2b bin/blib.a(neighbour.o)
 .text.neighbour_tx
                0x00000000000059e5       0x89 bin/blib.a(neighbour.o)
                0x00000000000059e5                neighbour_tx
 .text.neighbour_update
                0x0000000000005a6e       0x1e bin/blib.a(neighbour.o)
                0x0000000000005a6e                neighbour_update
 .text.inline_list_del
                0x0000000000005a8c        0xb bin/blib.a(netdevice.o)
 .text.netdev_notify
                0x0000000000005a97       0x24 bin/blib.a(netdevice.o)
 .text.netdev_link_block_expired
                0x0000000000005abb        0x1 bin/blib.a(netdevice.o)
 .text.net_discard
                0x0000000000005abc       0x44 bin/blib.a(netdevice.o)
 .text.netdev_config_close
                0x0000000000005b00       0x14 bin/blib.a(netdevice.o)
 .text.netdev_record_stat.part.1
                0x0000000000005b14       0x3e bin/blib.a(netdevice.o)
 .text.netdev_rx_freeze
                0x0000000000005b52        0x9 bin/blib.a(netdevice.o)
                0x0000000000005b52                netdev_rx_freeze
 .text.netdev_rx_unfreeze
                0x0000000000005b5b        0x9 bin/blib.a(netdevice.o)
                0x0000000000005b5b                netdev_rx_unfreeze
 .text.netdev_link_err
                0x0000000000005b64       0x1a bin/blib.a(netdevice.o)
                0x0000000000005b64                netdev_link_err
 .text.netdev_link_down
                0x0000000000005b7e       0x1a bin/blib.a(netdevice.o)
                0x0000000000005b7e                netdev_link_down
 .text.netdev_link_block
                0x0000000000005b98        0x8 bin/blib.a(netdevice.o)
                0x0000000000005b98                netdev_link_block
 .text.netdev_link_unblock
                0x0000000000005ba0        0x8 bin/blib.a(netdevice.o)
                0x0000000000005ba0                netdev_link_unblock
 .text.netdev_tx_err
                0x0000000000005ba8       0x23 bin/blib.a(netdevice.o)
                0x0000000000005ba8                netdev_tx_err
 .text.netdev_tx_defer
                0x0000000000005bcb       0x28 bin/blib.a(netdevice.o)
                0x0000000000005bcb                netdev_tx_defer
 .text.netdev_tx_complete_err
                0x0000000000005bf3       0x55 bin/blib.a(netdevice.o)
                0x0000000000005bf3                netdev_tx_complete_err
 .text.netdev_tx
                0x0000000000005c48       0x42 bin/blib.a(netdevice.o)
                0x0000000000005c48                netdev_tx
 .text.netdev_tx_complete_next_err
                0x0000000000005c8a       0x21 bin/blib.a(netdevice.o)
                0x0000000000005c8a                netdev_tx_complete_next_err
 .text.netdev_tx_flush
                0x0000000000005cab       0x21 bin/blib.a(netdevice.o)
 .text.netdev_rx
                0x0000000000005ccc       0x18 bin/blib.a(netdevice.o)
                0x0000000000005ccc                netdev_rx
 .text.netdev_rx_err
                0x0000000000005ce4       0x29 bin/blib.a(netdevice.o)
                0x0000000000005ce4                netdev_rx_err
 .text.netdev_poll
                0x0000000000005d0d        0xd bin/blib.a(netdevice.o)
                0x0000000000005d0d                netdev_poll
 .text.netdev_rx_dequeue
                0x0000000000005d1a       0x21 bin/blib.a(netdevice.o)
                0x0000000000005d1a                netdev_rx_dequeue
 .text.netdev_rx_flush
                0x0000000000005d3b       0x20 bin/blib.a(netdevice.o)
 .text.free_netdev
                0x0000000000005d5b       0x2c bin/blib.a(netdevice.o)
 .text.alloc_netdev
                0x0000000000005d87      0x118 bin/blib.a(netdevice.o)
                0x0000000000005d87                alloc_netdev
 .text.netdev_open
                0x0000000000005e9f       0x3e bin/blib.a(netdevice.o)
                0x0000000000005e9f                netdev_open
 .text.netdev_close
                0x0000000000005edd       0x6c bin/blib.a(netdevice.o)
                0x0000000000005edd                netdev_close
 .text.unregister_netdev
                0x0000000000005f49       0x62 bin/blib.a(netdevice.o)
                0x0000000000005f49                unregister_netdev
 .text.netdev_irq
                0x0000000000005fab       0x2d bin/blib.a(netdevice.o)
                0x0000000000005fab                netdev_irq
 .text.find_netdev_by_location
                0x0000000000005fd8       0x2d bin/blib.a(netdevice.o)
                0x0000000000005fd8                find_netdev_by_location
 .text.find_netdev_by_ll_addr
                0x0000000000006005       0x3e bin/blib.a(netdevice.o)
                0x0000000000006005                find_netdev_by_ll_addr
 .text.last_opened_netdev
                0x0000000000006043       0x14 bin/blib.a(netdevice.o)
                0x0000000000006043                last_opened_netdev
 .text.find_netdev
                0x0000000000006057       0x46 bin/blib.a(netdevice.o)
                0x0000000000006057                find_netdev
 .text.register_netdev
                0x000000000000609d      0x14f bin/blib.a(netdevice.o)
                0x000000000000609d                register_netdev
 .text.net_tx   0x00000000000061ec       0x44 bin/blib.a(netdevice.o)
                0x00000000000061ec                net_tx
 .text.net_rx   0x0000000000006230       0x38 bin/blib.a(netdevice.o)
                0x0000000000006230                net_rx
 .text.net_poll
                0x0000000000006268       0x94 bin/blib.a(netdevice.o)
                0x0000000000006268                net_poll
 .text.net_step
                0x00000000000062fc        0x5 bin/blib.a(netdevice.o)
 .text.vlan_tag
                0x0000000000006301        0x3 bin/blib.a(netdevice.o)
                0x0000000000006301                vlan_tag
 .text.find_netdev_configurator
                0x0000000000006304       0x2a bin/blib.a(netdevice.o)
                0x0000000000006304                find_netdev_configurator
 .text.netdev_configure
                0x000000000000632e       0x65 bin/blib.a(netdevice.o)
                0x000000000000632e                netdev_configure
 .text.netdev_configure_all
                0x0000000000006393       0x39 bin/blib.a(netdevice.o)
                0x0000000000006393                netdev_configure_all
 .text.netdev_configuration_in_progress
                0x00000000000063cc       0x3e bin/blib.a(netdevice.o)
                0x00000000000063cc                netdev_configuration_in_progress
 .text.netdev_configuration_ok
                0x000000000000640a       0x3b bin/blib.a(netdevice.o)
                0x000000000000640a                netdev_configuration_ok
 .text.clear_value
                0x0000000000006445        0x9 bin/blib.a(nvo_cmd.o)
 .text.inc_exec
                0x000000000000644e       0xd7 bin/blib.a(nvo_cmd.o)
 .text.read_value
                0x0000000000006525       0x2f bin/blib.a(nvo_cmd.o)
 .text.set_core_exec
                0x0000000000006554       0x9b bin/blib.a(nvo_cmd.o)
 .text.read_exec
                0x00000000000065ef       0x10 bin/blib.a(nvo_cmd.o)
 .text.clear_exec
                0x00000000000065ff       0x10 bin/blib.a(nvo_cmd.o)
 .text.set_exec
                0x000000000000660f       0x10 bin/blib.a(nvo_cmd.o)
 .text.set_value
                0x000000000000661f       0x1b bin/blib.a(nvo_cmd.o)
 .text.show_exec
                0x000000000000663a       0xad bin/blib.a(nvo_cmd.o)
 .text.xfer_uri_opener
                0x00000000000066e7       0x2a bin/blib.a(open.o)
                0x00000000000066e7                xfer_uri_opener
 .text.xfer_open_uri
                0x0000000000006711       0x45 bin/blib.a(open.o)
                0x0000000000006711                xfer_open_uri
 .text.xfer_open_uri_string
                0x0000000000006756       0x2f bin/blib.a(open.o)
                0x0000000000006756                xfer_open_uri_string
 .text.xfer_open_socket
                0x0000000000006785       0x35 bin/blib.a(open.o)
                0x0000000000006785                xfer_open_socket
 .text.xfer_vopen
                0x00000000000067ba       0x31 bin/blib.a(open.o)
                0x00000000000067ba                xfer_vopen
 .text.xfer_vreopen
                0x00000000000067eb       0x20 bin/blib.a(open.o)
                0x00000000000067eb                xfer_vreopen
 .text.parse_string
                0x000000000000680b        0x5 bin/blib.a(parseopt.o)
                0x000000000000680b                parse_string
 .text.parse_integer
                0x0000000000006810       0x34 bin/blib.a(parseopt.o)
                0x0000000000006810                parse_integer
 .text.parse_timeout
                0x0000000000006844       0x17 bin/blib.a(parseopt.o)
                0x0000000000006844                parse_timeout
 .text.parse_netdev
                0x000000000000685b       0x2a bin/blib.a(parseopt.o)
                0x000000000000685b                parse_netdev
 .text.parse_netdev_configurator
                0x0000000000006885       0x2a bin/blib.a(parseopt.o)
                0x0000000000006885                parse_netdev_configurator
 .text.parse_menu
                0x00000000000068af       0x3b bin/blib.a(parseopt.o)
                0x00000000000068af                parse_menu
 .text.parse_flag
                0x00000000000068ea        0x9 bin/blib.a(parseopt.o)
                0x00000000000068ea                parse_flag
 .text.parse_key
                0x00000000000068f3       0x17 bin/blib.a(parseopt.o)
                0x00000000000068f3                parse_key
 .text.parse_settings
                0x000000000000690a       0x2a bin/blib.a(parseopt.o)
                0x000000000000690a                parse_settings
 .text.parse_setting
                0x0000000000006934       0x2d bin/blib.a(parseopt.o)
                0x0000000000006934                parse_setting
 .text.parse_existing_setting
                0x0000000000006961        0xa bin/blib.a(parseopt.o)
                0x0000000000006961                parse_existing_setting
 .text.parse_autovivified_setting
                0x000000000000696b        0xa bin/blib.a(parseopt.o)
                0x000000000000696b                parse_autovivified_setting
 .text.print_usage
                0x0000000000006975       0xa4 bin/blib.a(parseopt.o)
                0x0000000000006975                print_usage
 .text.reparse_options
                0x0000000000006a19      0x18b bin/blib.a(parseopt.o)
                0x0000000000006a19                reparse_options
 .text.parse_options
                0x0000000000006ba4       0x27 bin/blib.a(parseopt.o)
                0x0000000000006ba4                parse_options
 .text.pci_settings_applies
                0x0000000000006bcb        0xd bin/blib.a(pci_settings.o)
 .text.pci_settings_init
                0x0000000000006bd8       0x11 bin/blib.a(pci_settings.o)
 .text.pci_settings_fetch
                0x0000000000006be9       0xac bin/blib.a(pci_settings.o)
 .text.pcibios_num_bus
                0x0000000000006c95       0x1a bin/blib.a(pcibios.o)
                0x0000000000006c95                pci_num_bus
 .text.pcibios_read
                0x0000000000006caf       0x24 bin/blib.a(pcibios.o)
                0x0000000000006caf                pcibios_read
 .text.pcibios_write
                0x0000000000006cd3       0x20 bin/blib.a(pcibios.o)
                0x0000000000006cd3                pcibios_write
 .text.pool_recycle
                0x0000000000006cf3        0xa bin/blib.a(pool.o)
                0x0000000000006cf3                pool_recycle
 .text.pool_reopen
                0x0000000000006cfd        0xa bin/blib.a(pool.o)
                0x0000000000006cfd                pool_reopen
 .text.pool_add
                0x0000000000006d07       0x17 bin/blib.a(pool.o)
                0x0000000000006d07                pool_add
 .text.pool_del
                0x0000000000006d1e       0x23 bin/blib.a(pool.o)
                0x0000000000006d1e                pool_del
 .text.pool_expired
                0x0000000000006d41       0x1d bin/blib.a(pool.o)
                0x0000000000006d41                pool_expired
 .text._printw_handler
                0x0000000000006d5e        0xd bin/blib.a(print.o)
 .text.waddnstr
                0x0000000000006d6b        0xb bin/blib.a(print.o)
                0x0000000000006d6b                waddnstr
 .text.vw_printw
                0x0000000000006d76       0x1b bin/blib.a(print.o)
                0x0000000000006d76                vw_printw
 .text.wprintw  0x0000000000006d91       0x12 bin/blib.a(print.o)
                0x0000000000006d91                wprintw
 .text.process_object
                0x0000000000006da3        0x7 bin/blib.a(process.o)
                0x0000000000006da3                process_object
 .text.process_add
                0x0000000000006daa       0x1e bin/blib.a(process.o)
                0x0000000000006daa                process_add
 .text.init_processes
                0x0000000000006dc8       0x1c bin/blib.a(process.o)
 .text.process_del
                0x0000000000006de4       0x1c bin/blib.a(process.o)
                0x0000000000006de4                process_del
 .text.step     0x0000000000006e00       0x62 bin/blib.a(process.o)
                0x0000000000006e00                step
 .text.pxenv_unknown
                0x0000000000006e62        0xb bin/blib.a(pxe_call.o)
 .text.pxe_init_structures
                0x0000000000006e6d       0xca bin/blib.a(pxe_call.o)
 .text.pxe_api_call
                0x0000000000006f37       0x86 bin/blib.a(pxe_call.o)
                0x0000000000006f37                pxe_api_call
 .text.pxe_loader_call
                0x0000000000006fbd       0x5b bin/blib.a(pxe_call.o)
                0x0000000000006fbd                pxe_loader_call
 .text.pxe_activate
                0x0000000000007018       0x53 bin/blib.a(pxe_call.o)
                0x0000000000007018                pxe_activate
 .text.pxe_deactivate
                0x000000000000706b       0x3f bin/blib.a(pxe_call.o)
                0x000000000000706b                pxe_deactivate
 .text.pxe_notify
                0x00000000000070aa       0x16 bin/blib.a(pxe_call.o)
 .text.pxe_start_nbp
                0x00000000000070c0       0x70 bin/blib.a(pxe_call.o)
                0x00000000000070c0                pxe_start_nbp
 .text.pxenv_file_cmdline
                0x0000000000007130       0x5e bin/blib.a(pxe_file.o)
 .text.pxenv_file_exec
                0x000000000000718e       0x66 bin/blib.a(pxe_file.o)
 .text.pxenv_get_file_size
                0x00000000000071f4       0x2c bin/blib.a(pxe_file.o)
 .text.pxenv_file_read
                0x0000000000007220       0x49 bin/blib.a(pxe_file.o)
 .text.pxenv_file_select
                0x0000000000007269       0x43 bin/blib.a(pxe_file.o)
 .text.pxenv_file_close
                0x00000000000072ac       0x15 bin/blib.a(pxe_file.o)
 .text.pxenv_file_open
                0x00000000000072c1       0x68 bin/blib.a(pxe_file.o)
 .text.pxenv_file_api_check
                0x0000000000007329       0x77 bin/blib.a(pxe_file.o)
 .text.pxe_exec
                0x00000000000073a0       0xc4 bin/blib.a(pxe_image.o)
 .text.pxe_probe
                0x0000000000007464       0x19 bin/blib.a(pxe_image.o)
                0x0000000000007464                pxe_probe
 .text.pxe_probe_no_mz
                0x000000000000747d       0x21 bin/blib.a(pxe_image.o)
                0x000000000000747d                pxe_probe_no_mz
 .text.undi_loader
                0x000000000000749e       0x3e bin/blib.a(pxe_loader.o)
                0x000000000000749e                undi_loader
 .text.pxenv_unload_stack
                0x00000000000074dc        0x8 bin/blib.a(pxe_preboot.o)
 .text.pxenv_start_base
                0x00000000000074e4        0xb bin/blib.a(pxe_preboot.o)
 .text.pxenv_stop_base
                0x00000000000074ef        0x8 bin/blib.a(pxe_preboot.o)
 .text.pxenv_stop_undi
                0x00000000000074f7       0x36 bin/blib.a(pxe_preboot.o)
 .text.pxenv_start_undi
                0x000000000000752d       0x67 bin/blib.a(pxe_preboot.o)
 .text.pxenv_get_cached_info
                0x0000000000007594       0x98 bin/blib.a(pxe_preboot.o)
 .text.pxenv_restart_tftp
                0x000000000000762c       0x42 bin/blib.a(pxe_preboot.o)
 .text.pxe_fake_cached_info
                0x000000000000766e       0x42 bin/blib.a(pxe_preboot.o)
                0x000000000000766e                pxe_fake_cached_info
 .text.pxe_tftp_xfer_window
                0x00000000000076b0        0x4 bin/blib.a(pxe_tftp.o)
 .text.pxenv_tftp_read
                0x00000000000076b4       0x92 bin/blib.a(pxe_tftp.o)
 .text.pxe_tftp_open
                0x0000000000007746       0xa7 bin/blib.a(pxe_tftp.o)
 .text.pxe_tftp_close
                0x00000000000077ed       0x11 bin/blib.a(pxe_tftp.o)
 .text.pxe_tftp_xfer_deliver
                0x00000000000077fe       0x8f bin/blib.a(pxe_tftp.o)
 .text.pxenv_tftp_close
                0x000000000000788d       0x18 bin/blib.a(pxe_tftp.o)
 .text.pxenv_tftp_read_file
                0x00000000000078a5       0x91 bin/blib.a(pxe_tftp.o)
                0x00000000000078a5                pxenv_tftp_read_file
 .text.pxenv_tftp_get_fsize
                0x0000000000007936       0x77 bin/blib.a(pxe_tftp.o)
 .text.pxenv_tftp_open
                0x00000000000079ad       0x91 bin/blib.a(pxe_tftp.o)
 .text.pxenv_udp_read
                0x0000000000007a3e       0xd7 bin/blib.a(pxe_udp.o)
 .text.pxenv_udp_write
                0x0000000000007b15       0xdc bin/blib.a(pxe_udp.o)
 .text.pxenv_udp_open
                0x0000000000007bf1       0x56 bin/blib.a(pxe_udp.o)
 .text.pxe_udp_deliver
                0x0000000000007c47       0x6a bin/blib.a(pxe_udp.o)
 .text.pxenv_udp_close
                0x0000000000007cb1       0x3d bin/blib.a(pxe_udp.o)
 .text.pxenv_undi_startup
                0x0000000000007cee       0x1c bin/blib.a(pxe_undi.o)
 .text.pxenv_undi_initialize
                0x0000000000007d0a       0x1c bin/blib.a(pxe_undi.o)
 .text.pxenv_undi_set_packet_filter
                0x0000000000007d26       0x1c bin/blib.a(pxe_undi.o)
 .text.pxenv_undi_get_statistics
                0x0000000000007d42       0x3b bin/blib.a(pxe_undi.o)
 .text.pxenv_undi_clear_statistics
                0x0000000000007d7d       0x43 bin/blib.a(pxe_undi.o)
 .text.pxenv_undi_initiate_diags
                0x0000000000007dc0       0x1b bin/blib.a(pxe_undi.o)
 .text.pxenv_undi_force_interrupt
                0x0000000000007ddb       0x1b bin/blib.a(pxe_undi.o)
 .text.pxenv_undi_get_mcast_address
                0x0000000000007df6       0x4b bin/blib.a(pxe_undi.o)
 .text.pxenv_undi_get_nic_type
                0x0000000000007e41       0x92 bin/blib.a(pxe_undi.o)
 .text.pxenv_undi_get_information
                0x0000000000007ed3       0x87 bin/blib.a(pxe_undi.o)
 .text.pxenv_undi_set_station_address
                0x0000000000007f5a       0x3c bin/blib.a(pxe_undi.o)
 .text.pxenv_undi_isr
                0x0000000000007f96      0x1b6 bin/blib.a(pxe_undi.o)
 .text.pxenv_undi_transmit
                0x000000000000814c      0x1f1 bin/blib.a(pxe_undi.o)
 .text.pxe_netdev_close
                0x000000000000833d       0x2b bin/blib.a(pxe_undi.o)
 .text.pxenv_undi_close
                0x0000000000008368       0x25 bin/blib.a(pxe_undi.o)
 .text.pxenv_undi_shutdown
                0x000000000000838d       0x25 bin/blib.a(pxe_undi.o)
 .text.pxenv_undi_cleanup
                0x00000000000083b2       0x25 bin/blib.a(pxe_undi.o)
 .text.pxenv_undi_get_iface_info
                0x00000000000083d7       0x67 bin/blib.a(pxe_undi.o)
 .text.pxe_netdev_open
                0x000000000000843e       0x2e bin/blib.a(pxe_undi.o)
 .text.pxenv_undi_open
                0x000000000000846c       0x38 bin/blib.a(pxe_undi.o)
 .text.pxenv_undi_set_mcast_address
                0x00000000000084a4       0x1c bin/blib.a(pxe_undi.o)
 .text.pxenv_undi_reset_adapter
                0x00000000000084c0       0x3d bin/blib.a(pxe_undi.o)
 .text.pxe_set_netdev
                0x00000000000084fd       0x38 bin/blib.a(pxe_undi.o)
                0x00000000000084fd                pxe_set_netdev
 .text.pxe_menu_parse
                0x0000000000008535      0x168 bin/blib.a(pxemenu.o)
 .text.pxe_menu_draw_item
                0x000000000000869d       0xb1 bin/blib.a(pxemenu.o)
 .text.pxe_menu_select
                0x000000000000874e       0xe9 bin/blib.a(pxemenu.o)
 .text.pxe_menu_boot
                0x0000000000008837      0x15e bin/blib.a(pxemenu.o)
                0x0000000000008837                pxe_menu_boot
 .text.srandom  0x0000000000008995       0x15 bin/blib.a(random.o)
                0x0000000000008995                srandom
 .text.random   0x00000000000089aa       0x4c bin/blib.a(random.o)
                0x00000000000089aa                random
 .text.rarp_ntoa
                0x00000000000089f6        0x6 bin/blib.a(rarp.o)
 .text.rarp_rx  0x00000000000089fc        0xa bin/blib.a(rarp.o)
 .text.sync_console
                0x0000000000008a06       0x78 bin/blib.a(readline.o)
 .text.history_free
                0x0000000000008a7e       0x17 bin/blib.a(readline.o)
                0x0000000000008a7e                history_free
 .text.readline_history
                0x0000000000008a95      0x1d2 bin/blib.a(readline.o)
                0x0000000000008a95                readline_history
 .text.realtek_spi_open_bit
                0x0000000000008c67        0xe bin/blib.a(realtek.o)
 .text.realtek_spi_close_bit
                0x0000000000008c75        0xe bin/blib.a(realtek.o)
 .text.realtek_spi_read_bit
                0x0000000000008c83       0x10 bin/blib.a(realtek.o)
 .text.realtek_spi_write_bit
                0x0000000000008c93       0x27 bin/blib.a(realtek.o)
 .text.realtek_irq
                0x0000000000008cba       0x18 bin/blib.a(realtek.o)
 .text.realtek_transmit
                0x0000000000008cd2       0xc9 bin/blib.a(realtek.o)
 .text.realtek_check_link
                0x0000000000008d9b       0x38 bin/blib.a(realtek.o)
 .text.realtek_reset.isra.7
                0x0000000000008dd3       0x31 bin/blib.a(realtek.o)
 .text.realtek_remove
                0x0000000000008e04       0x37 bin/blib.a(realtek.o)
 .text.realtek_probe
                0x0000000000008e3b      0x2cf bin/blib.a(realtek.o)
 .text.realtek_mii_write
                0x000000000000910a       0x56 bin/blib.a(realtek.o)
 .text.realtek_mii_read
                0x0000000000009160       0x48 bin/blib.a(realtek.o)
 .text.realtek_refill_rx.part.11
                0x00000000000091a8       0x81 bin/blib.a(realtek.o)
 .text.realtek_destroy_ring
                0x0000000000009229       0x47 bin/blib.a(realtek.o)
 .text.realtek_close
                0x0000000000009270       0x83 bin/blib.a(realtek.o)
 .text.realtek_create_ring.part.13
                0x00000000000092f3       0x4e bin/blib.a(realtek.o)
 .text.realtek_open
                0x0000000000009341       0xf5 bin/blib.a(realtek.o)
 .text.realtek_poll
                0x0000000000009436      0x1df bin/blib.a(realtek.o)
 .text.reboot_exec
                0x0000000000009615       0x20 bin/blib.a(reboot_cmd.o)
 .text.ref_increment
                0x0000000000009635        0x7 bin/blib.a(refcnt.o)
                0x0000000000009635                ref_increment
 .text.ref_decrement
                0x000000000000963c       0x1d bin/blib.a(refcnt.o)
                0x000000000000963c                ref_decrement
 .text.resmux_try
                0x0000000000009659       0x14 bin/blib.a(resolv.o)
 .text.named_window
                0x000000000000966d        0x3 bin/blib.a(resolv.o)
 .text.resolv_done
                0x0000000000009670       0x2f bin/blib.a(resolv.o)
                0x0000000000009670                resolv_done
 .text.numeric_step
                0x000000000000969f       0x23 bin/blib.a(resolv.o)
 .text.resmux_close
                0x00000000000096c2       0x1a bin/blib.a(resolv.o)
 .text.named_close
                0x00000000000096dc       0x1a bin/blib.a(resolv.o)
 .text.resmux_child_close
                0x00000000000096f6       0x3d bin/blib.a(resolv.o)
 .text.named_resolv_done
                0x0000000000009733       0x45 bin/blib.a(resolv.o)
 .text.numeric_resolv
                0x0000000000009778       0x8a bin/blib.a(resolv.o)
 .text.resolv   0x0000000000009802       0xa8 bin/blib.a(resolv.o)
                0x0000000000009802                resolv
 .text.xfer_open_named_socket
                0x00000000000098aa       0xa9 bin/blib.a(resolv.o)
                0x00000000000098aa                xfer_open_named_socket
 .text.start_timer_fixed
                0x0000000000009953       0x33 bin/blib.a(retry.o)
                0x0000000000009953                start_timer_fixed
 .text.start_timer
                0x0000000000009986       0x28 bin/blib.a(retry.o)
                0x0000000000009986                start_timer
 .text.stop_timer
                0x00000000000099ae       0x50 bin/blib.a(retry.o)
                0x00000000000099ae                stop_timer
 .text.retry_poll
                0x00000000000099fe       0x70 bin/blib.a(retry.o)
                0x00000000000099fe                retry_poll
 .text.retry_step
                0x0000000000009a6e        0x5 bin/blib.a(retry.o)
 .text.route_exec
                0x0000000000009a73       0x25 bin/blib.a(route_cmd.o)
 .text.sanboot_core_exec
                0x0000000000009a98       0xd6 bin/blib.a(sanboot_cmd.o)
 .text.sanunhook_exec
                0x0000000000009b6e        0xf bin/blib.a(sanboot_cmd.o)
 .text.sanboot_exec
                0x0000000000009b7d        0xf bin/blib.a(sanboot_cmd.o)
 .text.sanhook_exec
                0x0000000000009b8c        0xf bin/blib.a(sanboot_cmd.o)
 .text.terminate_on_label_found
                0x0000000000009b9b        0x9 bin/blib.a(script.o)
 .text.terminate_on_exit_or_failure
                0x0000000000009ba4       0x17 bin/blib.a(script.o)
 .text.script_exec_line
                0x0000000000009bbb        0xc bin/blib.a(script.o)
 .text.process_script
                0x0000000000009bc7      0x170 bin/blib.a(script.o)
 .text.script_exec
                0x0000000000009d37       0x3c bin/blib.a(script.o)
 .text.script_probe
                0x0000000000009d73       0x67 bin/blib.a(script.o)
 .text.goto_exec
                0x0000000000009dda       0x85 bin/blib.a(script.o)
 .text.goto_find_label
                0x0000000000009e5f       0x30 bin/blib.a(script.o)
 .text.prompt_exec
                0x0000000000009e8f       0x4f bin/blib.a(script.o)
 .text.scsicmd_read_capacity_cmd
                0x0000000000009ede       0x30 bin/blib.a(scsi.o)
 .text.scsicmd_test_unit_ready_cmd
                0x0000000000009f0e        0x5 bin/blib.a(scsi.o)
 .text.scsicmd_write_cmd
                0x0000000000009f13       0x6d bin/blib.a(scsi.o)
 .text.scsicmd_read_cmd
                0x0000000000009f80       0x6d bin/blib.a(scsi.o)
 .text.scsi_command
                0x0000000000009fed       0x40 bin/blib.a(scsi.o)
                0x0000000000009fed                scsi_command
 .text.scsicmd_command
                0x000000000000a02d       0x4a bin/blib.a(scsi.o)
 .text.scsi_response
                0x000000000000a077       0x2f bin/blib.a(scsi.o)
                0x000000000000a077                scsi_response
 .text.scsidev_window
                0x000000000000a0a6       0x11 bin/blib.a(scsi.o)
 .text.scsicmd_close
                0x000000000000a0b7       0x2e bin/blib.a(scsi.o)
 .text.scsicmd_done
                0x000000000000a0e5       0x1c bin/blib.a(scsi.o)
 .text.scsicmd_free
                0x000000000000a101       0x13 bin/blib.a(scsi.o)
 .text.scsidev_command
                0x000000000000a114       0xc9 bin/blib.a(scsi.o)
 .text.scsidev_read_capacity
                0x000000000000a1dd       0x15 bin/blib.a(scsi.o)
 .text.scsidev_write
                0x000000000000a1f2        0xa bin/blib.a(scsi.o)
 .text.scsidev_read
                0x000000000000a1fc        0xa bin/blib.a(scsi.o)
 .text.scsidev_close
                0x000000000000a206       0x50 bin/blib.a(scsi.o)
 .text.scsicmd_read_capacity_done
                0x000000000000a256       0x8f bin/blib.a(scsi.o)
 .text.scsicmd_response
                0x000000000000a2e5       0x23 bin/blib.a(scsi.o)
 .text.scsidev_step
                0x000000000000a308       0x43 bin/blib.a(scsi.o)
 .text.scsidev_ready
                0x000000000000a34b       0x47 bin/blib.a(scsi.o)
 .text.scsi_parse_lun
                0x000000000000a392       0x62 bin/blib.a(scsi.o)
                0x000000000000a392                scsi_parse_lun
 .text.scsi_parse_sense
                0x000000000000a3f4       0x2a bin/blib.a(scsi.o)
                0x000000000000a3f4                scsi_parse_sense
 .text.scsi_open
                0x000000000000a41e       0xba bin/blib.a(scsi.o)
                0x000000000000a41e                scsi_open
 .text.prep_segment
                0x000000000000a4d8       0xa7 bin/blib.a(segment.o)
                0x000000000000a4d8                prep_segment
 .text.apply_settings
                0x000000000000a57f       0x1d bin/blib.a(settings.o)
 .text.parse_ipv6_setting
                0x000000000000a59c        0x8 bin/blib.a(settings.o)
                0x000000000000a59c                parse_ipv6_setting
 .text.format_ipv6_setting
                0x000000000000a5a4        0x8 bin/blib.a(settings.o)
                0x000000000000a5a4                format_ipv6_setting
 .text.builtin_applies
                0x000000000000a5ac        0xd bin/blib.a(settings.o)
 .text.format_string_setting
                0x000000000000a5b9       0x2a bin/blib.a(settings.o)
 .text.denumerate_int_setting
                0x000000000000a5e3       0x3f bin/blib.a(settings.o)
 .text.errno_fetch
                0x000000000000a622       0x26 bin/blib.a(settings.o)
 .text.parse_string_setting
                0x000000000000a648       0x2f bin/blib.a(settings.o)
 .text.format_uristring_setting
                0x000000000000a677        0x7 bin/blib.a(settings.o)
 .text.parse_uristring_setting
                0x000000000000a67e       0x10 bin/blib.a(settings.o)
 .text.format_int_setting
                0x000000000000a68e       0x27 bin/blib.a(settings.o)
 .text.format_uint_setting
                0x000000000000a6b5       0x27 bin/blib.a(settings.o)
 .text.format_hex_colon_setting
                0x000000000000a6dc        0xa bin/blib.a(settings.o)
 .text.format_hex_hyphen_setting
                0x000000000000a6e6        0xa bin/blib.a(settings.o)
 .text.format_hex_raw_setting
                0x000000000000a6f0        0x7 bin/blib.a(settings.o)
 .text.parse_hex_setting
                0x000000000000a6f7        0xa bin/blib.a(settings.o)
 .text.parse_hex_hyphen_setting
                0x000000000000a701        0xa bin/blib.a(settings.o)
 .text.parse_hex_raw_setting
                0x000000000000a70b        0x7 bin/blib.a(settings.o)
 .text.format_base64_setting
                0x000000000000a712       0x14 bin/blib.a(settings.o)
 .text.parse_base64_setting
                0x000000000000a726       0x10 bin/blib.a(settings.o)
 .text.fetch_string_setting_copy_alloc
                0x000000000000a736        0x6 bin/blib.a(settings.o)
 .text.parse_settings_name
                0x000000000000a73c       0x65 bin/blib.a(settings.o)
 .text.buildarch_fetch
                0x000000000000a7a1       0x12 bin/blib.a(settings.o)
 .text.platform_fetch
                0x000000000000a7b3       0x12 bin/blib.a(settings.o)
 .text.version_fetch
                0x000000000000a7c5       0x16 bin/blib.a(settings.o)
 .text.unixtime_fetch
                0x000000000000a7db       0x3b bin/blib.a(settings.o)
 .text.numeric_setting_value
                0x000000000000a816       0x59 bin/blib.a(settings.o)
 .text.numerate_int_setting
                0x000000000000a86f       0x1c bin/blib.a(settings.o)
 .text.format_busdevfn_setting
                0x000000000000a88b       0x40 bin/blib.a(settings.o)
 .text.parse_int_setting
                0x000000000000a8cb       0x34 bin/blib.a(settings.o)
 .text.format_uuid_setting
                0x000000000000a8ff       0x2c bin/blib.a(settings.o)
 .text.generic_settings_clear
                0x000000000000a92b       0x28 bin/blib.a(settings.o)
                0x000000000000a92b                generic_settings_clear
 .text.autovivified_settings_free
                0x000000000000a953       0x13 bin/blib.a(settings.o)
 .text.find_settings
                0x000000000000a966        0xa bin/blib.a(settings.o)
                0x000000000000a966                find_settings
 .text.unregister_settings
                0x000000000000a970       0x42 bin/blib.a(settings.o)
                0x000000000000a970                unregister_settings
 .text.settings_target
                0x000000000000a9b2       0x15 bin/blib.a(settings.o)
                0x000000000000a9b2                settings_target
 .text.find_child_settings
                0x000000000000a9c7       0x45 bin/blib.a(settings.o)
                0x000000000000a9c7                find_child_settings
 .text.settings_name
                0x000000000000aa0c       0x5e bin/blib.a(settings.o)
                0x000000000000aa0c                settings_name
 .text.setting_applies
                0x000000000000aa6a       0x22 bin/blib.a(settings.o)
                0x000000000000aa6a                setting_applies
 .text.clear_settings
                0x000000000000aa8c       0x12 bin/blib.a(settings.o)
                0x000000000000aa8c                clear_settings
 .text.setting_cmp
                0x000000000000aa9e       0x44 bin/blib.a(settings.o)
                0x000000000000aa9e                setting_cmp
 .text.generic_settings_store
                0x000000000000aae2       0xf2 bin/blib.a(settings.o)
                0x000000000000aae2                generic_settings_store
 .text.fetch_setting
                0x000000000000abd4      0x12c bin/blib.a(settings.o)
                0x000000000000abd4                fetch_setting
 .text.fetch_setting_alloc
                0x000000000000ad00       0x65 bin/blib.a(settings.o)
 .text.fetch_setting_copy
                0x000000000000ad65       0x15 bin/blib.a(settings.o)
                0x000000000000ad65                fetch_setting_copy
 .text.fetch_raw_setting_copy
                0x000000000000ad7a        0xb bin/blib.a(settings.o)
                0x000000000000ad7a                fetch_raw_setting_copy
 .text.fetch_string_setting_copy
                0x000000000000ad85       0x10 bin/blib.a(settings.o)
                0x000000000000ad85                fetch_string_setting_copy
 .text.fetch_raw_setting
                0x000000000000ad95       0x11 bin/blib.a(settings.o)
                0x000000000000ad95                fetch_raw_setting
 .text.fetch_string_setting
                0x000000000000ada6       0x2e bin/blib.a(settings.o)
                0x000000000000ada6                fetch_string_setting
 .text.fetch_ipv4_array_setting
                0x000000000000add4       0x1f bin/blib.a(settings.o)
                0x000000000000add4                fetch_ipv4_array_setting
 .text.fetch_ipv4_setting
                0x000000000000adf3        0x8 bin/blib.a(settings.o)
                0x000000000000adf3                fetch_ipv4_setting
 .text.fetch_ipv6_array_setting
                0x000000000000adfb       0x1f bin/blib.a(settings.o)
                0x000000000000adfb                fetch_ipv6_array_setting
 .text.fetch_ipv6_setting
                0x000000000000ae1a        0x8 bin/blib.a(settings.o)
                0x000000000000ae1a                fetch_ipv6_setting
 .text.fetch_numeric_setting
                0x000000000000ae22       0x2e bin/blib.a(settings.o)
                0x000000000000ae22                fetch_numeric_setting
 .text.fetch_uint_setting
                0x000000000000ae50        0x8 bin/blib.a(settings.o)
                0x000000000000ae50                fetch_uint_setting
 .text.fetch_intz_setting
                0x000000000000ae58       0x11 bin/blib.a(settings.o)
                0x000000000000ae58                fetch_intz_setting
 .text.reprioritise_settings
                0x000000000000ae69       0x79 bin/blib.a(settings.o)
 .text.register_settings
                0x000000000000aee2       0x51 bin/blib.a(settings.o)
                0x000000000000aee2                register_settings
 .text.autovivify_child_settings
                0x000000000000af33       0x9a bin/blib.a(settings.o)
                0x000000000000af33                autovivify_child_settings
 .text.builtin_init
                0x000000000000afcd       0x11 bin/blib.a(settings.o)
 .text.fetch_uintz_setting
                0x000000000000afde       0x11 bin/blib.a(settings.o)
                0x000000000000afde                fetch_uintz_setting
 .text.fetch_uuid_setting
                0x000000000000afef       0x16 bin/blib.a(settings.o)
                0x000000000000afef                fetch_uuid_setting
 .text.store_setting
                0x000000000000b005       0x7e bin/blib.a(settings.o)
                0x000000000000b005                store_setting
 .text.builtin_fetch
                0x000000000000b083       0x3c bin/blib.a(settings.o)
 .text.generic_settings_fetch
                0x000000000000b0bf       0x60 bin/blib.a(settings.o)
                0x000000000000b0bf                generic_settings_fetch
 .text.setting_format
                0x000000000000b11f       0x1d bin/blib.a(settings.o)
                0x000000000000b11f                setting_format
 .text.setting_parse
                0x000000000000b13c       0x19 bin/blib.a(settings.o)
                0x000000000000b13c                setting_parse
 .text.setting_numerate
                0x000000000000b155       0x19 bin/blib.a(settings.o)
                0x000000000000b155                setting_numerate
 .text.setting_denumerate
                0x000000000000b16e       0x19 bin/blib.a(settings.o)
                0x000000000000b16e                setting_denumerate
 .text.fetchf_setting
                0x000000000000b187       0x48 bin/blib.a(settings.o)
                0x000000000000b187                fetchf_setting
 .text.fetchf_setting_copy
                0x000000000000b1cf       0x6d bin/blib.a(settings.o)
                0x000000000000b1cf                fetchf_setting_copy
 .text.storef_setting
                0x000000000000b23c       0x7a bin/blib.a(settings.o)
                0x000000000000b23c                storef_setting
 .text.fetchn_setting
                0x000000000000b2b6       0x44 bin/blib.a(settings.o)
                0x000000000000b2b6                fetchn_setting
 .text.storen_setting
                0x000000000000b2fa       0x5e bin/blib.a(settings.o)
                0x000000000000b2fa                storen_setting
 .text.parse_setting_name
                0x000000000000b358      0x176 bin/blib.a(settings.o)
                0x000000000000b358                parse_setting_name
 .text.setting_name
                0x000000000000b4ce       0x43 bin/blib.a(settings.o)
                0x000000000000b4ce                setting_name
 .text.expand_settings
                0x000000000000b511       0xd3 bin/blib.a(settings.o)
                0x000000000000b511                expand_settings
 .text.vmsg     0x000000000000b5e4       0x59 bin/blib.a(settings_ui.o)
 .text.msg      0x000000000000b63d       0x12 bin/blib.a(settings_ui.o)
 .text.string_copy
                0x000000000000b64f       0x2d bin/blib.a(settings_ui.o)
 .text.select_setting_row
                0x000000000000b67c      0x12b bin/blib.a(settings_ui.o)
 .text.mvaddstr.constprop.4
                0x000000000000b7a7       0x2d bin/blib.a(settings_ui.o)
 .text.colour_set.constprop.5
                0x000000000000b7d4        0xf bin/blib.a(settings_ui.o)
 .text.clearmsg
                0x000000000000b7e3       0x18 bin/blib.a(settings_ui.o)
 .text.alert.constprop.2
                0x000000000000b7fb       0x4f bin/blib.a(settings_ui.o)
 .text.draw_setting_row
                0x000000000000b84a       0xfe bin/blib.a(settings_ui.o)
 .text.draw_setting_rows
                0x000000000000b948       0x8a bin/blib.a(settings_ui.o)
 .text.select_settings
                0x000000000000b9d2       0x95 bin/blib.a(settings_ui.o)
 .text.main_loop
                0x000000000000ba67      0x2cd bin/blib.a(settings_ui.o)
 .text.settings_ui
                0x000000000000bd34       0x30 bin/blib.a(settings_ui.o)
                0x000000000000bd34                settings_ui
 .text.help_exec
                0x000000000000bd64       0x68 bin/blib.a(shell.o)
 .text.shell    0x000000000000bdcc       0x58 bin/blib.a(shell.o)
                0x000000000000bdcc                shell
 .text.shell_exec
                0x000000000000be24       0x1b bin/blib.a(shell.o)
 .text.smbios_applies
                0x000000000000be3f        0xd bin/blib.a(smbios_settings.o)
 .text.smbios_init
                0x000000000000be4c       0x11 bin/blib.a(smbios_settings.o)
 .text.smbios_fetch
                0x000000000000be5d      0x121 bin/blib.a(smbios_settings.o)
 .text.sock_ntoa
                0x000000000000bf7e       0x20 bin/blib.a(socket.o)
                0x000000000000bf7e                sock_ntoa
 .text.sock_aton
                0x000000000000bf9e       0x34 bin/blib.a(socket.o)
                0x000000000000bf9e                sock_aton
 .text.spi_bit_transfer
                0x000000000000bfd2       0xd5 bin/blib.a(spi_bit.o)
 .text.spi_bit_set_slave_select
                0x000000000000c0a7       0x32 bin/blib.a(spi_bit.o)
 .text.spi_bit_rw
                0x000000000000c0d9       0xe3 bin/blib.a(spi_bit.o)
 .text.init_spi_bit_basher
                0x000000000000c1bc        0x8 bin/blib.a(spi_bit.o)
                0x000000000000c1bc                init_spi_bit_basher
 .text.strerror
                0x000000000000c1c4       0x60 bin/blib.a(strerror.o)
                0x000000000000c1c4                strerror
 .text.strtoul_pre
                0x000000000000c224       0x64 bin/blib.a(string.o)
 .text.memcmp   0x000000000000c288       0x20 bin/blib.a(string.o)
                0x000000000000c288                memcmp
 .text.memchr   0x000000000000c2a8       0x1a bin/blib.a(string.o)
                0x000000000000c2a8                memchr
 .text.memswap  0x000000000000c2c2       0x22 bin/blib.a(string.o)
                0x000000000000c2c2                memswap
 .text.strncmp  0x000000000000c2e4       0x2a bin/blib.a(string.o)
                0x000000000000c2e4                strncmp
 .text.strcmp   0x000000000000c30e        0x8 bin/blib.a(string.o)
                0x000000000000c30e                strcmp
 .text.strcasecmp
                0x000000000000c316       0x38 bin/blib.a(string.o)
                0x000000000000c316                strcasecmp
 .text.strnlen  0x000000000000c34e       0x12 bin/blib.a(string.o)
                0x000000000000c34e                strnlen
 .text.strlen   0x000000000000c360        0x8 bin/blib.a(string.o)
                0x000000000000c360                strlen
 .text.strchr   0x000000000000c368       0x13 bin/blib.a(string.o)
                0x000000000000c368                strchr
 .text.strrchr  0x000000000000c37b       0x27 bin/blib.a(string.o)
                0x000000000000c37b                strrchr
 .text.strstr   0x000000000000c3a2       0x2f bin/blib.a(string.o)
                0x000000000000c3a2                strstr
 .text.strcpy   0x000000000000c3d1       0x10 bin/blib.a(string.o)
                0x000000000000c3d1                strcpy
 .text.strncpy  0x000000000000c3e1       0x2d bin/blib.a(string.o)
                0x000000000000c3e1                strncpy
 .text.strndup  0x000000000000c40e       0x2b bin/blib.a(string.o)
                0x000000000000c40e                strndup
 .text.strdup   0x000000000000c439        0x8 bin/blib.a(string.o)
                0x000000000000c439                strdup
 .text.digit_value
                0x000000000000c441       0x1b bin/blib.a(string.o)
                0x000000000000c441                digit_value
 .text.strtoul  0x000000000000c45c       0x47 bin/blib.a(string.o)
                0x000000000000c45c                strtoul
 .text.sync_exec
                0x000000000000c4a3       0x38 bin/blib.a(sync_cmd.o)
 .text.tcp_sack_block
                0x000000000000c4db       0x65 bin/blib.a(tcp.o)
 .text.tcp_rx_seq
                0x000000000000c540       0x50 bin/blib.a(tcp.o)
 .text.tcp_process_tx_queue
                0x000000000000c590       0xa2 bin/blib.a(tcp.o)
 .text.tcp_rx_ack
                0x000000000000c632       0xc7 bin/blib.a(tcp.o)
 .text.tcp_open
                0x000000000000c6f9      0x151 bin/blib.a(tcp.o)
 .text.tcp_xmit_sack.part.7
                0x000000000000c84a      0x2ea bin/blib.a(tcp.o)
 .text.tcp_open_uri
                0x000000000000cb34       0x4e bin/blib.a(tcp.o)
 .text.tcp_discard
                0x000000000000cb82       0x41 bin/blib.a(tcp.o)
 .text.tcp_close
                0x000000000000cbc3      0x131 bin/blib.a(tcp.o)
 .text.tcp_wait_expired
                0x000000000000ccf4       0x20 bin/blib.a(tcp.o)
 .text.tcp_shutdown
                0x000000000000cd14       0xad bin/blib.a(tcp.o)
 .text.tcp_xmit
                0x000000000000cdc1       0x12 bin/blib.a(tcp.o)
 .text.tcp_keepalive_expired
                0x000000000000cdd3       0x24 bin/blib.a(tcp.o)
 .text.tcp_expired
                0x000000000000cdf7       0x29 bin/blib.a(tcp.o)
 .text.tcp_xfer_close
                0x000000000000ce20       0x10 bin/blib.a(tcp.o)
 .text.tcp_xfer_deliver
                0x000000000000ce30       0x26 bin/blib.a(tcp.o)
 .text.tcp_port_available
                0x000000000000ce56       0x25 bin/blib.a(tcp.o)
 .text.tcp_xfer_window
                0x000000000000ce7b       0x38 bin/blib.a(tcp.o)
 .text.tcp_rx   0x000000000000ceb3      0x579 bin/blib.a(tcp.o)
 .text.tcpip_rx
                0x000000000000d42c       0x49 bin/blib.a(tcpip.o)
                0x000000000000d42c                tcpip_rx
 .text.tcpip_net_protocol
                0x000000000000d475       0x1c bin/blib.a(tcpip.o)
                0x000000000000d475                tcpip_net_protocol
 .text.tcpip_tx
                0x000000000000d491       0x42 bin/blib.a(tcpip.o)
                0x000000000000d491                tcpip_tx
 .text.tcpip_netdev
                0x000000000000d4d3       0x18 bin/blib.a(tcpip.o)
                0x000000000000d4d3                tcpip_netdev
 .text.tcpip_mtu
                0x000000000000d4eb       0x29 bin/blib.a(tcpip.o)
                0x000000000000d4eb                tcpip_mtu
 .text.tcpip_chksum
                0x000000000000d514        0xb bin/blib.a(tcpip.o)
                0x000000000000d514                tcpip_chksum
 .text.tcpip_bind
                0x000000000000d51f       0x87 bin/blib.a(tcpip.o)
                0x000000000000d51f                tcpip_bind
 .text.tftp_xfer_window
                0x000000000000d5a6        0x4 bin/blib.a(tftp.o)
 .text.tftp_free
                0x000000000000d5aa       0x1b bin/blib.a(tftp.o)
 .text.tftp_reopen
                0x000000000000d5c5       0x56 bin/blib.a(tftp.o)
 .text.tftp_reopen_mc
                0x000000000000d61b       0x23 bin/blib.a(tftp.o)
 .text.tftp_process_multicast
                0x000000000000d63e       0xe7 bin/blib.a(tftp.o)
 .text.tftp_done
                0x000000000000d725       0x31 bin/blib.a(tftp.o)
 .text.tftp_process_tsize
                0x000000000000d756       0x29 bin/blib.a(tftp.o)
 .text.tftp_process_blksize
                0x000000000000d77f       0x29 bin/blib.a(tftp.o)
 .text.tftp_presize
                0x000000000000d7a8       0x49 bin/blib.a(tftp.o)
 .text.tftp_apply_settings
                0x000000000000d7f1       0x6e bin/blib.a(tftp.o)
 .text.tftp_close
                0x000000000000d85f       0x7b bin/blib.a(tftp.o)
 .text.tftp_send_packet
                0x000000000000d8da      0x180 bin/blib.a(tftp.o)
 .text.tftp_timer_expired
                0x000000000000da5a       0x80 bin/blib.a(tftp.o)
 .text.tftp_rx  0x000000000000dada      0x260 bin/blib.a(tftp.o)
 .text.tftp_socket_deliver
                0x000000000000dd3a        0x9 bin/blib.a(tftp.o)
 .text.tftp_core_open
                0x000000000000dd43      0x129 bin/blib.a(tftp.o)
 .text.tftp_open
                0x000000000000de6c        0xf bin/blib.a(tftp.o)
 .text.tftm_open
                0x000000000000de7b        0xf bin/blib.a(tftp.o)
 .text.mtftp_open
                0x000000000000de8a       0x12 bin/blib.a(tftp.o)
 .text.threewire_read
                0x000000000000de9c       0x1c bin/blib.a(threewire.o)
                0x000000000000de9c                threewire_read
 .text.threewire_write
                0x000000000000deb8       0x5f bin/blib.a(threewire.o)
                0x000000000000deb8                threewire_write
 .text.mktime   0x000000000000df17      0x123 bin/blib.a(time.o)
                0x000000000000df17                mktime
 .text.timer_probe
                0x000000000000e03a       0x2f bin/blib.a(timer.o)
 .text.keypress_interrupted
                0x000000000000e069       0x18 bin/blib.a(timer.o)
 .text.currticks
                0x000000000000e081        0xf bin/blib.a(timer.o)
                0x000000000000e081                currticks
 .text.udelay   0x000000000000e090        0xe bin/blib.a(timer.o)
                0x000000000000e090                udelay
 .text.mdelay   0x000000000000e09e       0x21 bin/blib.a(timer.o)
                0x000000000000e09e                mdelay
 .text.sleep    0x000000000000e0bf       0x3d bin/blib.a(timer.o)
                0x000000000000e0bf                sleep
 .text.sleep_fixed
                0x000000000000e0fc       0x32 bin/blib.a(timer.o)
                0x000000000000e0fc                sleep_fixed
 .text.udp_rx   0x000000000000e12e      0x138 bin/blib.a(udp.o)
 .text.udp_close
                0x000000000000e266       0x1e bin/blib.a(udp.o)
 .text.udp_xfer_alloc_iob
                0x000000000000e284       0x15 bin/blib.a(udp.o)
 .text.udp_xfer_deliver
                0x000000000000e299       0x98 bin/blib.a(udp.o)
 .text.udp_open_common
                0x000000000000e331       0xb2 bin/blib.a(udp.o)
 .text.udp_open
                0x000000000000e3e3        0x8 bin/blib.a(udp.o)
                0x000000000000e3e3                udp_open
 .text.udp_port_available
                0x000000000000e3eb       0x2a bin/blib.a(udp.o)
 .text.udp_open_uri
                0x000000000000e415       0x4e bin/blib.a(udp.o)
 .text.udp_open_promisc
                0x000000000000e463        0xc bin/blib.a(udp.o)
                0x000000000000e463                udp_open_promisc
 .text.uri_free
                0x000000000000e46f       0x13 bin/blib.a(uri.o)
 .text.uri_copy_fields
                0x000000000000e482       0x5c bin/blib.a(uri.o)
 .text.uri_decode
                0x000000000000e4de       0x74 bin/blib.a(uri.o)
                0x000000000000e4de                uri_decode
 .text.uri_encode
                0x000000000000e552       0x82 bin/blib.a(uri.o)
                0x000000000000e552                uri_encode
 .text.uri_encode_string
                0x000000000000e5d4       0x29 bin/blib.a(uri.o)
                0x000000000000e5d4                uri_encode_string
 .text.parse_uri
                0x000000000000e5fd      0x1ab bin/blib.a(uri.o)
                0x000000000000e5fd                parse_uri
 .text.uri_port
                0x000000000000e7a8       0x17 bin/blib.a(uri.o)
                0x000000000000e7a8                uri_port
 .text.format_uri
                0x000000000000e7bf       0xb6 bin/blib.a(uri.o)
                0x000000000000e7bf                format_uri
 .text.format_uri_alloc
                0x000000000000e875       0x2f bin/blib.a(uri.o)
                0x000000000000e875                format_uri_alloc
 .text.uri_dup  0x000000000000e8a4       0x38 bin/blib.a(uri.o)
                0x000000000000e8a4                uri_dup
 .text.resolve_path
                0x000000000000e8dc       0xba bin/blib.a(uri.o)
                0x000000000000e8dc                resolve_path
 .text.resolve_uri
                0x000000000000e996       0xa0 bin/blib.a(uri.o)
                0x000000000000e996                resolve_uri
 .text.pxe_uri  0x000000000000ea36       0xcc bin/blib.a(uri.o)
                0x000000000000ea36                pxe_uri
 .text.uuid_ntoa
                0x000000000000eb02       0x5f bin/blib.a(uuid.o)
                0x000000000000eb02                uuid_ntoa
 .text.cputchar
                0x000000000000eb61        0xd bin/blib.a(vsprintf.o)
 .text.printf_sputc
                0x000000000000eb6e        0xf bin/blib.a(vsprintf.o)
 .text.printf_putchar
                0x000000000000eb7d        0x7 bin/blib.a(vsprintf.o)
 .text.vcprintf
                0x000000000000eb84      0x2ef bin/blib.a(vsprintf.o)
                0x000000000000eb84                vcprintf
 .text.vsnprintf
                0x000000000000ee73       0x3e bin/blib.a(vsprintf.o)
                0x000000000000ee73                vsnprintf
 .text.snprintf
                0x000000000000eeb1       0x17 bin/blib.a(vsprintf.o)
                0x000000000000eeb1                snprintf
 .text.vssnprintf
                0x000000000000eec8       0x15 bin/blib.a(vsprintf.o)
                0x000000000000eec8                vssnprintf
 .text.ssnprintf
                0x000000000000eedd       0x17 bin/blib.a(vsprintf.o)
                0x000000000000eedd                ssnprintf
 .text.vprintf  0x000000000000eef4       0x19 bin/blib.a(vsprintf.o)
                0x000000000000eef4                vprintf
 .text.printf   0x000000000000ef0d        0xe bin/blib.a(vsprintf.o)
                0x000000000000ef0d                printf
 .text.wattroff
                0x000000000000ef1b        0x8 bin/blib.a(winattrs.o)
                0x000000000000ef1b                wattroff
 .text.wattron  0x000000000000ef23        0x6 bin/blib.a(winattrs.o)
                0x000000000000ef23                wattron
 .text.wattrset
                0x000000000000ef29       0x11 bin/blib.a(winattrs.o)
                0x000000000000ef29                wattrset
 .text.wcolour_set
                0x000000000000ef3a       0x1e bin/blib.a(winattrs.o)
                0x000000000000ef3a                wcolour_set
 .text.initscr  0x000000000000ef58       0x33 bin/blib.a(wininit.o)
                0x000000000000ef58                initscr